Archive member included because of file (symbol)

c:/devkitPro/libogc/lib/wii\libwiisprite.a(gamewindow.o)
                              lagtestapp.o (_ZN3wsp10GameWindowC1Ev)
c:/devkitPro/libogc/lib/wii\libwiisprite.a(layer.o)
                              lagtestapp.o (_ZN3wsp5Layer11SetPositionEff)
c:/devkitPro/libogc/lib/wii\libwiisprite.a(layermanager.o)
                              lagtestapp.o (_ZN3wsp12LayerManager6AppendEPNS_5LayerE)
c:/devkitPro/libogc/lib/wii\libwiisprite.a(quad.o)
                              lagtestapp.o (_ZN3wsp4Quad8SetWidthEj)
c:/devkitPro/libogc/lib/wii\libasnd.a(asndlib.o)
                              lagtestapp.o (ASND_Init)
c:/devkitPro/libogc/lib/wii\libwiiuse.a(wpad.o)
                              lagtestapp.o (WPAD_Init)
c:/devkitPro/libogc/lib/wii\libwiiuse.a(motion_plus.o)
                              c:/devkitPro/libogc/lib/wii\libwiiuse.a(wpad.o) (wiiuse_set_motion_plus)
c:/devkitPro/libogc/lib/wii\libwiiuse.a(dynamics.o)
                              c:/devkitPro/libogc/lib/wii\libwiiuse.a(wpad.o) (calculate_gforce)
c:/devkitPro/libogc/lib/wii\libwiiuse.a(io.o)
                              c:/devkitPro/libogc/lib/wii\libwiiuse.a(motion_plus.o) (wiiuse_disable_expansion)
c:/devkitPro/libogc/lib/wii\libwiiuse.a(io_wii.o)
                              c:/devkitPro/libogc/lib/wii\libwiiuse.a(wpad.o) (__wiiuse_sensorbar_enable)
c:/devkitPro/libogc/lib/wii\libwiiuse.a(ir.o)
                              c:/devkitPro/libogc/lib/wii\libwiiuse.a(motion_plus.o) (wiiuse_set_ir_mode)
c:/devkitPro/libogc/lib/wii\libwiiuse.a(nunchuk.o)
                              c:/devkitPro/libogc/lib/wii\libwiiuse.a(io.o) (nunchuk_handshake)
c:/devkitPro/libogc/lib/wii\libwiiuse.a(wiiboard.o)
                              c:/devkitPro/libogc/lib/wii\libwiiuse.a(io.o) (wii_board_handshake)
c:/devkitPro/libogc/lib/wii\libwiiuse.a(wiiuse.o)
                              c:/devkitPro/libogc/lib/wii\libwiiuse.a(wpad.o) (wiiuse_init)
c:/devkitPro/libogc/lib/wii\libwiiuse.a(speaker.o)
                              c:/devkitPro/libogc/lib/wii\libwiiuse.a(wpad.o) (wencdata)
c:/devkitPro/libogc/lib/wii\libwiiuse.a(classic.o)
                              c:/devkitPro/libogc/lib/wii\libwiiuse.a(io.o) (classic_ctrl_handshake)
c:/devkitPro/libogc/lib/wii\libwiiuse.a(events.o)
                              c:/devkitPro/libogc/lib/wii\libwiiuse.a(io_wii.o) (parse_event)
c:/devkitPro/libogc/lib/wii\libwiiuse.a(guitar_hero_3.o)
                              c:/devkitPro/libogc/lib/wii\libwiiuse.a(io.o) (guitar_hero_3_handshake)
c:/devkitPro/libogc/lib/wii\libbte.a(bte.o)
                              c:/devkitPro/libogc/lib/wii\libwiiuse.a(wpad.o) (BTE_Init)
c:/devkitPro/libogc/lib/wii\libbte.a(hci.o)
                              c:/devkitPro/libogc/lib/wii\libbte.a(bte.o) (hci_init)
c:/devkitPro/libogc/lib/wii\libbte.a(l2cap.o)
                              c:/devkitPro/libogc/lib/wii\libbte.a(bte.o) (l2cap_init)
c:/devkitPro/libogc/lib/wii\libbte.a(btmemb.o)
                              c:/devkitPro/libogc/lib/wii\libbte.a(bte.o) (btmemb_init)
c:/devkitPro/libogc/lib/wii\libbte.a(btmemr.o)
                              c:/devkitPro/libogc/lib/wii\libbte.a(hci.o) (btmemr_init)
c:/devkitPro/libogc/lib/wii\libbte.a(btpbuf.o)
                              c:/devkitPro/libogc/lib/wii\libbte.a(hci.o) (btpbuf_init)
c:/devkitPro/libogc/lib/wii\libbte.a(physbusif.o)
                              c:/devkitPro/libogc/lib/wii\libbte.a(bte.o) (physbusif_init)
c:/devkitPro/libogc/lib/wii\libogc.a(lwp_queue.o)
                              c:/devkitPro/libogc/lib/wii\libwiiuse.a(io_wii.o) (__lwp_queue_initialize)
c:/devkitPro/libogc/lib/wii\libogc.a(lwp_threads.o)
                              c:/devkitPro/libogc/lib/wii\libwiiuse.a(wpad.o) (_thread_dispatch_disable_level)
c:/devkitPro/libogc/lib/wii\libogc.a(lwp.o)
                              c:/devkitPro/libogc/lib/wii\libbte.a(bte.o) (LWP_InitQueue)
c:/devkitPro/libogc/lib/wii\libogc.a(lwp_handler.o)
                              c:/devkitPro/libogc/lib/wii\libogc.a(lwp_threads.o) (_cpu_context_save_fp)
c:/devkitPro/libogc/lib/wii\libogc.a(lwp_stack.o)
                              c:/devkitPro/libogc/lib/wii\libogc.a(lwp_threads.o) (__lwp_stack_allocate)
c:/devkitPro/libogc/lib/wii\libogc.a(lwp_watchdog.o)
                              c:/devkitPro/libogc/lib/wii\libogc.a(lwp_threads.o) (_wd_ticks_queue)
c:/devkitPro/libogc/lib/wii\libogc.a(lwp_wkspace.o)
                              c:/devkitPro/libogc/lib/wii\libwiiuse.a(io.o) (__wkspace_heap)
c:/devkitPro/libogc/lib/wii\libogc.a(lwp_objmgr.o)
                              c:/devkitPro/libogc/lib/wii\libogc.a(lwp.o) (__lwp_objmgr_initinfo)
c:/devkitPro/libogc/lib/wii\libogc.a(lwp_heap.o)
                              c:/devkitPro/libogc/lib/wii\libogc.a(lwp_wkspace.o) (__lwp_heap_init)
c:/devkitPro/libogc/lib/wii\libogc.a(sys_state.o)
[...]
Memory Configuration

Name             Origin             Length             Attributes
*default*        0x00000000         0xffffffff

Linker script and memory map

                0x00003400                . = 0x3400

.stub
 *(.stub)
                0x80004000                . = 0x80004000

.init           0x80004000      0x194
 *crt0.o(*.init)
 .init          0x80004000      0x170 c:/devkitPro/libogc/lib/wii\libogc.a(ogc_crt0.o)
                0x80004000                _start
                0x80004140                _memset
 *(.init)
 .init          0x80004170        0xc c:/devkitpro/devkitppc/bin/../lib/gcc/powerpc-eabi/4.8.2/ecrti.o
                0x80004170                __init
 .init          0x8000417c        0x4 c:/devkitpro/devkitppc/bin/../lib/gcc/powerpc-eabi/4.8.2/crtbegin.o
 .init          0x80004180        0x4 c:/devkitpro/devkitppc/bin/../lib/gcc/powerpc-eabi/4.8.2/crtend.o
 .init          0x80004184       0x10 c:/devkitpro/devkitppc/bin/../lib/gcc/powerpc-eabi/4.8.2/ecrtn.o

.rela.dyn       0x80004194        0x0
 .rela.iplt     0x00000000        0x0 c:/devkitpro/devkitppc/bin/../lib/gcc/powerpc-eabi/4.8.2/crtbegin.o
 .rela.eh_frame
                0x00000000        0x0 c:/devkitpro/devkitppc/bin/../lib/gcc/powerpc-eabi/4.8.2/crtbegin.o
 .rela.gcc_except_table._Znwj
                0x00000000        0x0 c:/devkitpro/devkitppc/bin/../lib/gcc/powerpc-eabi/4.8.2/crtbegin.o
 .rela.gcc_except_table._Znaj
                0x00000000        0x0 c:/devkitpro/devkitppc/bin/../lib/gcc/powerpc-eabi/4.8.2/crtbegin.o
 .rela.gcc_except_table._ZN9__gnu_cxx27__verbose_terminate_handlerEv
                0x00000000        0x0 c:/devkitpro/devkitppc/bin/../lib/gcc/powerpc-eabi/4.8.2/crtbegin.o

.plt
 *(.plt)

.interp
 *(.interp)

.hash
 *(.hash)

.dynsym
 *(.dynsym)

.dynstr
 *(.dynstr)

.gnu.version
 *(.gnu.version)

.gnu.version_d
 *(.gnu.version_d)

.gnu.version_r
 *(.gnu.version_r)

.rel.init
 *(.rel.init)

.rela.init      0x80004194        0x0
 *(.rela.init)
 .rela.init     0x00000000        0x0 c:/devkitpro/devkitppc/bin/../lib/gcc/powerpc-eabi/4.8.2/crtbegin.o

.rel.text
 *(.rel.text .rel.text.* .rel.gnu.linkonce.t.*)

.rela.text      0x80004194        0x0
 *(.rela.text .rela.text.* .rela.gnu.linkonce.t.*)
 .rela.text     0x00000000        0x0 c:/devkitpro/devkitppc/bin/../lib/gcc/powerpc-eabi/4.8.2/crtbegin.o
 .rela.text._ZN3wsp10GameWindowC2Ev
                0x00000000        0x0 c:/devkitpro/devkitppc/bin/../lib/gcc/powerpc-eabi/4.8.2/crtbegin.o
 .rela.text._ZN3wsp10GameWindowC1Ev
                0x00000000        0x0 c:/devkitpro/devkitppc/bin/../lib/gcc/powerpc-eabi/4.8.2/crtbegin.o
 .rela.text._ZN3wsp10GameWindowD1Ev
                0x00000000        0x0 c:/devkitpro/devkitppc/bin/../lib/gcc/powerpc-eabi/4.8.2/crtbegin.o
 .rela.text._ZN3wsp10GameWindowD2Ev
                0x00000000        0x0 c:/devkitpro/devkitppc/bin/../lib/gcc/powerpc-eabi/4.8.2/crtbegin.o
 .rela.text._ZN3wsp10GameWindowD0Ev
                0x00000000        0x0 c:/devkitpro/devkitppc/bin/../lib/gcc/powerpc-eabi/4.8.2/crtbegin.o
 .rela.text._ZN3wsp5LayerC2Ev
                0x00000000        0x0 c:/devkitpro/devkitppc/bin/../lib/gcc/powerpc-eabi/4.8.2/crtbegin.o
 .rela.text._ZN3wsp5LayerC1Ev
                0x00000000        0x0 c:/devkitpro/devkitppc/bin/../lib/gcc/powerpc-eabi/4.8.2/crtbegin.o
 .rela.text._ZN3wsp5LayerD2Ev
                0x00000000        0x0 c:/devkitpro/devkitppc/bin/../lib/gcc/powerpc-eabi/4.8.2/crtbegin.o
 .rela.text._ZN3wsp5LayerD1Ev
                0x00000000        0x0 c:/devkitpro/devkitppc/bin/../lib/gcc/powerpc-eabi/4.8.2/crtbegin.o
 .rela.text._ZN3wsp5LayerD0Ev
                0x00000000        0x0 c:/devkitpro/devkitppc/bin/../lib/gcc/powerpc-eabi/4.8.2/crtbegin.o
 .rela.text._ZN3wsp12LayerManagerD1Ev
                0x00000000        0x0 c:/devkitpro/devkitppc/bin/../lib/gcc/powerpc-eabi/4.8.2/crtbegin.o
 .rela.text._ZN3wsp12LayerManagerD2Ev
                0x00000000        0x0 c:/devkitpro/devkitppc/bin/../lib/gcc/powerpc-eabi/4.8.2/crtbegin.o
 .rela.text._ZN3wsp12LayerManagerD0Ev
                0x00000000        0x0 c:/devkitpro/devkitppc/bin/../lib/gcc/powerpc-eabi/4.8.2/crtbegin.o
 .rela.text._ZN3wsp12LayerManagerC1Ej
                0x00000000        0x0 c:/devkitpro/devkitppc/bin/../lib/gcc/powerpc-eabi/4.8.2/crtbegin.o
 .rela.text._ZN3wsp12LayerManagerC2Ej
                0x00000000        0x0 c:/devkitpro/devkitppc/bin/../lib/gcc/powerpc-eabi/4.8.2/crtbegin.o
 .rela.text._ZNK3wsp4Quad4DrawEff
                0x00000000        0x0 c:/devkitpro/devkitppc/bin/../lib/gcc/powerpc-eabi/4.8.2/crtbegin.o
 .rela.text._ZN3wsp4QuadD0Ev
                0x00000000        0x0 c:/devkitpro/devkitppc/bin/../lib/gcc/powerpc-eabi/4.8.2/crtbegin.o
 .rela.text._ZN3wsp4QuadD1Ev
                0x00000000        0x0 c:/devkitpro/devkitppc/bin/../lib/gcc/powerpc-eabi/4.8.2/crtbegin.o
 .rela.text._ZN3wsp4QuadD2Ev
                0x00000000        0x0 c:/devkitpro/devkitppc/bin/../lib/gcc/powerpc-eabi/4.8.2/crtbegin.o
 .rela.text._ZN3wsp4QuadC1Ev
                0x00000000        0x0 c:/devkitpro/devkitppc/bin/../lib/gcc/powerpc-eabi/4.8.2/crtbegin.o
 .rela.text._ZN3wsp4QuadC2Ev
                0x00000000        0x0 c:/devkitpro/devkitppc/bin/../lib/gcc/powerpc-eabi/4.8.2/crtbegin.o
 .rela.text.wiiuse_handshake
                0x00000000        0x0 c:/devkitpro/devkitppc/bin/../lib/gcc/powerpc-eabi/4.8.2/crtbegin.o
 .rela.text.wiiuse_handshake_expansion
                0x00000000        0x0 c:/devkitpro/devkitppc/bin/../lib/gcc/powerpc-eabi/4.8.2/crtbegin.o
 .rela.text.wiiuse_init_cmd_queue
                0x00000000        0x0 c:/devkitpro/devkitppc/bin/../lib/gcc/powerpc-eabi/4.8.2/crtbegin.o
 .rela.text.wiiuse_init
                0x00000000        0x0 c:/devkitpro/devkitppc/bin/../lib/gcc/powerpc-eabi/4.8.2/crtbegin.o
 .rela.text.bt_alarmhandler
                0x00000000        0x0 c:/devkitpro/devkitppc/bin/../lib/gcc/powerpc-eabi/4.8.2/crtbegin.o
 .rela.text.__lwp_thread_calcheir
                0x00000000        0x0 c:/devkitpro/devkitppc/bin/../lib/gcc/powerpc-eabi/4.8.2/crtbegin.o
 .rela.text.__lwp_wd_insert_ticks.constprop.4
                0x00000000        0x0 c:/devkitpro/devkitppc/bin/../lib/gcc/powerpc-eabi/4.8.2/crtbegin.o
 .rela.text.__lwp_rotate_readyqueue
                0x00000000        0x0 c:/devkitpro/devkitppc/bin/../lib/gcc/powerpc-eabi/4.8.2/crtbegin.o
 .rela.text.__lwp_thread_setpriority
                0x00000000        0x0 c:/devkitpro/devkitppc/bin/../lib/gcc/powerpc-eabi/4.8.2/crtbegin.o
 .rela.text.__lwp_thread_close
                0x00000000        0x0 c:/devkitpro/devkitppc/bin/../lib/gcc/powerpc-eabi/4.8.2/crtbegin.o
 .rela.text.__lwp_thread_closeall
                0x00000000        0x0 c:/devkitpro/devkitppc/bin/../lib/gcc/powerpc-eabi/4.8.2/crtbegin.o
 .rela.text.__lwp_thread_startmultitasking
                0x00000000        0x0 c:/devkitpro/devkitppc/bin/../lib/gcc/powerpc-eabi/4.8.2/crtbegin.o
 .rela.text.__lwp_thread_stopmultitasking
                0x00000000        0x0 c:/devkitpro/devkitppc/bin/../lib/gcc/powerpc-eabi/4.8.2/crtbegin.o
 .rela.text.__lwp_thread_coreinit
                0x00000000        0x0 c:/devkitpro/devkitppc/bin/../lib/gcc/powerpc-eabi/4.8.2/crtbegin.o
 .rela.text.__lwp_cntrl_open
                0x00000000        0x0 c:/devkitpro/devkitppc/bin/../lib/gcc/powerpc-eabi/4.8.2/crtbegin.o
 .rela.text.__lwp_tqueue_open
                0x00000000        0x0 c:/devkitpro/devkitppc/bin/../lib/gcc/powerpc-eabi/4.8.2/crtbegin.o
 .rela.text.__lwp_cntrl_free
                0x00000000        0x0 c:/devkitpro/devkitppc/bin/../lib/gcc/powerpc-eabi/4.8.2/crtbegin.o
 .rela.text.__lwp_sysinit
                0x00000000        0x0 c:/devkitpro/devkitppc/bin/../lib/gcc/powerpc-eabi/4.8.2/crtbegin.o
 .rela.text.__lwp_thread_isalive
                0x00000000        0x0 c:/devkitpro/devkitppc/bin/../lib/gcc/powerpc-eabi/4.8.2/crtbegin.o
 .rela.text.__lwp_thread_exists
                0x00000000        0x0 c:/devkitpro/devkitppc/bin/../lib/gcc/powerpc-eabi/4.8.2/crtbegin.o
 .rela.text.__lwp_thread_context
                0x00000000        0x0 c:/devkitpro/devkitppc/bin/../lib/gcc/powerpc-eabi/4.8.2/crtbegin.o
 .rela.text.LWP_CreateThread
                0x00000000        0x0 c:/devkitpro/devkitppc/bin/../lib/gcc/powerpc-eabi/4.8.2/crtbegin.o
 .rela.text.LWP_InitQueue
                0x00000000        0x0 c:/devkitpro/devkitppc/bin/../lib/gcc/powerpc-eabi/4.8.2/crtbegin.o
 .rela.text.LWP_CloseQueue
                0x00000000        0x0 c:/devkitpro/devkitppc/bin/../lib/gcc/powerpc-eabi/4.8.2/crtbegin.o
 .rela.text.__lwp_stack_allocate
                0x00000000        0x0 c:/devkitpro/devkitppc/bin/../lib/gcc/powerpc-eabi/4.8.2/crtbegin.o
 .rela.text.__lwp_stack_free
                0x00000000        0x0 c:/devkitpro/devkitppc/bin/../lib/gcc/powerpc-eabi/4.8.2/crtbegin.o
 .rela.text.__lwp_watchdog_init
                0x00000000        0x0 c:/devkitpro/devkitppc/bin/../lib/gcc/powerpc-eabi/4.8.2/crtbegin.o
 .rela.text.__lwp_wd_tickle
                0x00000000        0x0 c:/devkitpro/devkitppc/bin/../lib/gcc/powerpc-eabi/4.8.2/crtbegin.o
 .rela.text.__lwp_wkspace_heapfree
                0x00000000        0x0 c:/devkitpro/devkitppc/bin/../lib/gcc/powerpc-eabi/4.8.2/crtbegin.o
 .rela.text.__lwp_wkspace_heapused
                0x00000000        0x0 c:/devkitpro/devkitppc/bin/../lib/gcc/powerpc-eabi/4.8.2/crtbegin.o
 .rela.text.__lwp_wkspace_init
                0x00000000        0x0 c:/devkitpro/devkitppc/bin/../lib/gcc/powerpc-eabi/4.8.2/crtbegin.o
 .rela.text.__lwp_objmgr_initinfo
                0x00000000        0x0 c:/devkitpro/devkitppc/bin/../lib/gcc/powerpc-eabi/4.8.2/crtbegin.o
 .rela.text.__irq_init
                0x00000000        0x0 c:/devkitpro/devkitppc/bin/../lib/gcc/powerpc-eabi/4.8.2/crtbegin.o
 .rela.text.__call_resetfuncs
                0x00000000        0x0 c:/devkitpro/devkitppc/bin/../lib/gcc/powerpc-eabi/4.8.2/crtbegin.o
 .rela.text.__locksram
                0x00000000        0x0 c:/devkitpro/devkitppc/bin/../lib/gcc/powerpc-eabi/4.8.2/crtbegin.o
 .rela.text.__lwp_wd_insert_ticks
                0x00000000        0x0 c:/devkitpro/devkitppc/bin/../lib/gcc/powerpc-eabi/4.8.2/crtbegin.o
 .rela.text.__sram_writecallback
                0x00000000        0x0 c:/devkitpro/devkitppc/bin/../lib/gcc/powerpc-eabi/4.8.2/crtbegin.o
 .rela.text.__unlocksram
                0x00000000        0x0 c:/devkitpro/devkitppc/bin/../lib/gcc/powerpc-eabi/4.8.2/crtbegin.o
 .rela.text.__sram_init
                0x00000000        0x0 c:/devkitpro/devkitppc/bin/../lib/gcc/powerpc-eabi/4.8.2/crtbegin.o
 .rela.text.__SYS_SyncSram
                0x00000000        0x0 c:/devkitpro/devkitppc/bin/../lib/gcc/powerpc-eabi/4.8.2/crtbegin.o
 .rela.text.SYS_Init
                0x00000000        0x0 c:/devkitpro/devkitppc/bin/../lib/gcc/powerpc-eabi/4.8.2/crtbegin.o
 .rela.text.SYS_RemoveAlarm
                0x00000000        0x0 c:/devkitpro/devkitppc/bin/../lib/gcc/powerpc-eabi/4.8.2/crtbegin.o
 .rela.text.SYS_CancelAlarm
                0x00000000        0x0 c:/devkitpro/devkitppc/bin/../lib/gcc/powerpc-eabi/4.8.2/crtbegin.o
 .rela.text.__lwp_cond_open
                0x00000000        0x0 c:/devkitpro/devkitppc/bin/../lib/gcc/powerpc-eabi/4.8.2/crtbegin.o
 .rela.text.__lwp_cond_init
                0x00000000        0x0 c:/devkitpro/devkitppc/bin/../lib/gcc/powerpc-eabi/4.8.2/crtbegin.o
 .rela.text.LWP_CondInit
                0x00000000        0x0 c:/devkitpro/devkitppc/bin/../lib/gcc/powerpc-eabi/4.8.2/crtbegin.o
 .rela.text.LWP_CondDestroy
                0x00000000        0x0 c:/devkitpro/devkitppc/bin/../lib/gcc/powerpc-eabi/4.8.2/crtbegin.o
 .rela.text.__GX_FifoLink
                0x00000000        0x0 c:/devkitpro/devkitppc/bin/../lib/gcc/powerpc-eabi/4.8.2/crtbegin.o
 .rela.text.__GX_WriteFifoIntEnable
                0x00000000        0x0 c:/devkitpro/devkitppc/bin/../lib/gcc/powerpc-eabi/4.8.2/crtbegin.o
 .rela.text.__GX_FifoReadEnable
                0x00000000        0x0 c:/devkitpro/devkitppc/bin/../lib/gcc/powerpc-eabi/4.8.2/crtbegin.o
 .rela.text.__GX_FifoReadDisable
                0x00000000        0x0 c:/devkitpro/devkitppc/bin/../lib/gcc/powerpc-eabi/4.8.2/crtbegin.o
 .rela.text.__GX_InitRevBits
                0x00000000        0x0 c:/devkitpro/devkitppc/bin/../lib/gcc/powerpc-eabi/4.8.2/crtbegin.o
 .rela.text.__GXDefTexRegionCallback
                0x00000000        0x0 c:/devkitpro/devkitppc/bin/../lib/gcc/powerpc-eabi/4.8.2/crtbegin.o
 .rela.text.__GXDefTlutRegionCallback
                0x00000000        0x0 c:/devkitpro/devkitppc/bin/../lib/gcc/powerpc-eabi/4.8.2/crtbegin.o
 .rela.text.__GX_FlushTextureState
                0x00000000        0x0 c:/devkitpro/devkitppc/bin/../lib/gcc/powerpc-eabi/4.8.2/crtbegin.o
 .rela.text.__SetSURegs
                0x00000000        0x0 c:/devkitpro/devkitppc/bin/../lib/gcc/powerpc-eabi/4.8.2/crtbegin.o
 .rela.text.__SETVCDFMT
                0x00000000        0x0 c:/devkitpro/devkitppc/bin/../lib/gcc/powerpc-eabi/4.8.2/crtbegin.o
 .rela.text.__GX_SetMatrixIndex.part.1
                0x00000000        0x0 c:/devkitpro/devkitppc/bin/../lib/gcc/powerpc-eabi/4.8.2/crtbegin.o
 .rela.text.__SETVCDATTR
                0x00000000        0x0 c:/devkitpro/devkitppc/bin/../lib/gcc/powerpc-eabi/4.8.2/crtbegin.o
 .rela.text.__GX_WriteFifoIntReset.constprop.11
                0x00000000        0x0 c:/devkitpro/devkitppc/bin/../lib/gcc/powerpc-eabi/4.8.2/crtbegin.o
 .rela.text.__GXCPInterruptHandler
                0x00000000        0x0 c:/devkitpro/devkitppc/bin/../lib/gcc/powerpc-eabi/4.8.2/crtbegin.o
 .rela.text.__GX_SetDirtyState
                0x00000000        0x0 c:/devkitpro/devkitppc/bin/../lib/gcc/powerpc-eabi/4.8.2/crtbegin.o
 .rela.text.GX_Flush
                0x00000000        0x0 c:/devkitpro/devkitppc/bin/../lib/gcc/powerpc-eabi/4.8.2/crtbegin.o
 .rela.text.GX_EnableBreakPt
                0x00000000        0x0 c:/devkitpro/devkitppc/bin/../lib/gcc/powerpc-eabi/4.8.2/crtbegin.o
 .rela.text.GX_DisableBreakPt
                0x00000000        0x0 c:/devkitpro/devkitppc/bin/../lib/gcc/powerpc-eabi/4.8.2/crtbegin.o
 .rela.text.GX_AbortFrame
                0x00000000        0x0 c:/devkitpro/devkitppc/bin/../lib/gcc/powerpc-eabi/4.8.2/crtbegin.o
 .rela.text.GX_PixModeSync
                0x00000000        0x0 c:/devkitpro/devkitppc/bin/../lib/gcc/powerpc-eabi/4.8.2/crtbegin.o
 .rela.text.GX_SetMisc
                0x00000000        0x0 c:/devkitpro/devkitppc/bin/../lib/gcc/powerpc-eabi/4.8.2/crtbegin.o
 .rela.text.GX_SetCopyClamp
                0x00000000        0x0 c:/devkitpro/devkitppc/bin/../lib/gcc/powerpc-eabi/4.8.2/crtbegin.o
 .rela.text.GX_SetDispCopyGamma
                0x00000000        0x0 c:/devkitpro/devkitppc/bin/../lib/gcc/powerpc-eabi/4.8.2/crtbegin.o
 .rela.text.GX_SetDispCopyFrame2Field
                0x00000000        0x0 c:/devkitpro/devkitppc/bin/../lib/gcc/powerpc-eabi/4.8.2/crtbegin.o
 .rela.text.GX_SetDispCopyYScale
                0x00000000        0x0 c:/devkitpro/devkitppc/bin/../lib/gcc/powerpc-eabi/4.8.2/crtbegin.o
 .rela.text.GX_SetDispCopyDst
                0x00000000        0x0 c:/devkitpro/devkitppc/bin/../lib/gcc/powerpc-eabi/4.8.2/crtbegin.o
 .rela.text.GX_SetDispCopySrc
                0x00000000        0x0 c:/devkitpro/devkitppc/bin/../lib/gcc/powerpc-eabi/4.8.2/crtbegin.o
 .rela.text.GX_CopyDisp
                0x00000000        0x0 c:/devkitpro/devkitppc/bin/../lib/gcc/powerpc-eabi/4.8.2/crtbegin.o
 .rela.text.GX_CopyTex
                0x00000000        0x0 c:/devkitpro/devkitppc/bin/../lib/gcc/powerpc-eabi/4.8.2/crtbegin.o
 .rela.text.GX_SetTexCopySrc
                0x00000000        0x0 c:/devkitpro/devkitppc/bin/../lib/gcc/powerpc-eabi/4.8.2/crtbegin.o
 .rela.text.GX_SetTexCopyDst
                0x00000000        0x0 c:/devkitpro/devkitppc/bin/../lib/gcc/powerpc-eabi/4.8.2/crtbegin.o
 .rela.text.GX_BeginDispList
                0x00000000        0x0 c:/devkitpro/devkitppc/bin/../lib/gcc/powerpc-eabi/4.8.2/crtbegin.o
 .rela.text.GX_EndDispList
                0x00000000        0x0 c:/devkitpro/devkitppc/bin/../lib/gcc/powerpc-eabi/4.8.2/crtbegin.o
 .rela.text.GX_CallDispList
                0x00000000        0x0 c:/devkitpro/devkitppc/bin/../lib/gcc/powerpc-eabi/4.8.2/crtbegin.o
 .rela.text.GX_SetChanCtrl
                0x00000000        0x0 c:/devkitpro/devkitppc/bin/../lib/gcc/powerpc-eabi/4.8.2/crtbegin.o
 .rela.text.GX_SetChanAmbColor
                0x00000000        0x0 c:/devkitpro/devkitppc/bin/../lib/gcc/powerpc-eabi/4.8.2/crtbegin.o
 .rela.text.GX_SetChanMatColor
                0x00000000        0x0 c:/devkitpro/devkitppc/bin/../lib/gcc/powerpc-eabi/4.8.2/crtbegin.o
 .rela.text.GX_SetVtxDesc
                0x00000000        0x0 c:/devkitpro/devkitppc/bin/../lib/gcc/powerpc-eabi/4.8.2/crtbegin.o
 .rela.text.GX_SetVtxDescv
                0x00000000        0x0 c:/devkitpro/devkitppc/bin/../lib/gcc/powerpc-eabi/4.8.2/crtbegin.o
 .rela.text.GX_GetVtxDescv
                0x00000000        0x0 c:/devkitpro/devkitppc/bin/../lib/gcc/powerpc-eabi/4.8.2/crtbegin.o
 .rela.text.GX_SetVtxAttrFmt
                0x00000000        0x0 c:/devkitpro/devkitppc/bin/../lib/gcc/powerpc-eabi/4.8.2/crtbegin.o
 .rela.text.GX_SetVtxAttrFmtv
                0x00000000        0x0 c:/devkitpro/devkitppc/bin/../lib/gcc/powerpc-eabi/4.8.2/crtbegin.o
 .rela.text.GX_Begin
                0x00000000        0x0 c:/devkitpro/devkitppc/bin/../lib/gcc/powerpc-eabi/4.8.2/crtbegin.o
 .rela.text.GX_SetTexCoordGen2
                0x00000000        0x0 c:/devkitpro/devkitppc/bin/../lib/gcc/powerpc-eabi/4.8.2/crtbegin.o
 .rela.text.GX_SetCurrentMtx
                0x00000000        0x0 c:/devkitpro/devkitppc/bin/../lib/gcc/powerpc-eabi/4.8.2/crtbegin.o
 .rela.text.GX_SetNumTexGens
                0x00000000        0x0 c:/devkitpro/devkitppc/bin/../lib/gcc/powerpc-eabi/4.8.2/crtbegin.o
 .rela.text.GX_SetZMode
                0x00000000        0x0 c:/devkitpro/devkitppc/bin/../lib/gcc/powerpc-eabi/4.8.2/crtbegin.o
 .rela.text.GX_LoadTexObjPreloaded
                0x00000000        0x0 c:/devkitpro/devkitppc/bin/../lib/gcc/powerpc-eabi/4.8.2/crtbegin.o
 .rela.text.GX_SetTexCoordScaleManually
                0x00000000        0x0 c:/devkitpro/devkitppc/bin/../lib/gcc/powerpc-eabi/4.8.2/crtbegin.o
 .rela.text.GX_SetTexCoordCylWrap
                0x00000000        0x0 c:/devkitpro/devkitppc/bin/../lib/gcc/powerpc-eabi/4.8.2/crtbegin.o
 .rela.text.GX_SetTexCoordBias
                0x00000000        0x0 c:/devkitpro/devkitppc/bin/../lib/gcc/powerpc-eabi/4.8.2/crtbegin.o
 .rela.text.GX_SetBlendMode
                0x00000000        0x0 c:/devkitpro/devkitppc/bin/../lib/gcc/powerpc-eabi/4.8.2/crtbegin.o
 .rela.text.GX_ClearVtxDesc
                0x00000000        0x0 c:/devkitpro/devkitppc/bin/../lib/gcc/powerpc-eabi/4.8.2/crtbegin.o
 .rela.text.GX_SetLineWidth
                0x00000000        0x0 c:/devkitpro/devkitppc/bin/../lib/gcc/powerpc-eabi/4.8.2/crtbegin.o
 .rela.text.GX_SetPointSize
                0x00000000        0x0 c:/devkitpro/devkitppc/bin/../lib/gcc/powerpc-eabi/4.8.2/crtbegin.o
 .rela.text.GX_SetTevColorIn
                0x00000000        0x0 c:/devkitpro/devkitppc/bin/../lib/gcc/powerpc-eabi/4.8.2/crtbegin.o
 .rela.text.GX_SetTevAlphaIn
                0x00000000        0x0 c:/devkitpro/devkitppc/bin/../lib/gcc/powerpc-eabi/4.8.2/crtbegin.o
 .rela.text.GX_SetTevColorOp
                0x00000000        0x0 c:/devkitpro/devkitppc/bin/../lib/gcc/powerpc-eabi/4.8.2/crtbegin.o
 .rela.text.GX_SetTevAlphaOp
                0x00000000        0x0 c:/devkitpro/devkitppc/bin/../lib/gcc/powerpc-eabi/4.8.2/crtbegin.o
 .rela.text.GX_SetCullMode
                0x00000000        0x0 c:/devkitpro/devkitppc/bin/../lib/gcc/powerpc-eabi/4.8.2/crtbegin.o
 .rela.text.GX_SetCoPlanar
                0x00000000        0x0 c:/devkitpro/devkitppc/bin/../lib/gcc/powerpc-eabi/4.8.2/crtbegin.o
 .rela.text.GX_EnableTexOffsets
                0x00000000        0x0 c:/devkitpro/devkitppc/bin/../lib/gcc/powerpc-eabi/4.8.2/crtbegin.o
 .rela.text.GX_SetScissor
                0x00000000        0x0 c:/devkitpro/devkitppc/bin/../lib/gcc/powerpc-eabi/4.8.2/crtbegin.o
 .rela.text.GX_SetNumChans
                0x00000000        0x0 c:/devkitpro/devkitppc/bin/../lib/gcc/powerpc-eabi/4.8.2/crtbegin.o
 .rela.text.GX_SetTevOrder
                0x00000000        0x0 c:/devkitpro/devkitppc/bin/../lib/gcc/powerpc-eabi/4.8.2/crtbegin.o
 .rela.text.GX_SetNumTevStages
                0x00000000        0x0 c:/devkitpro/devkitppc/bin/../lib/gcc/powerpc-eabi/4.8.2/crtbegin.o
 .rela.text.GX_SetTevKColorSel
                0x00000000        0x0 c:/devkitpro/devkitppc/bin/../lib/gcc/powerpc-eabi/4.8.2/crtbegin.o
 .rela.text.GX_SetTevKAlphaSel
                0x00000000        0x0 c:/devkitpro/devkitppc/bin/../lib/gcc/powerpc-eabi/4.8.2/crtbegin.o
 .rela.text.GX_SetTevSwapMode
                0x00000000        0x0 c:/devkitpro/devkitppc/bin/../lib/gcc/powerpc-eabi/4.8.2/crtbegin.o
 .rela.text.GX_SetTevSwapModeTable
                0x00000000        0x0 c:/devkitpro/devkitppc/bin/../lib/gcc/powerpc-eabi/4.8.2/crtbegin.o
 .rela.text.GX_SetNumIndStages
                0x00000000        0x0 c:/devkitpro/devkitppc/bin/../lib/gcc/powerpc-eabi/4.8.2/crtbegin.o
 .rela.text.GX_SetIndTexCoordScale
                0x00000000        0x0 c:/devkitpro/devkitppc/bin/../lib/gcc/powerpc-eabi/4.8.2/crtbegin.o
 .rela.text.GX_SetColorUpdate
                0x00000000        0x0 c:/devkitpro/devkitppc/bin/../lib/gcc/powerpc-eabi/4.8.2/crtbegin.o
 .rela.text.GX_SetAlphaUpdate
                0x00000000        0x0 c:/devkitpro/devkitppc/bin/../lib/gcc/powerpc-eabi/4.8.2/crtbegin.o
 .rela.text.GX_SetZCompLoc
                0x00000000        0x0 c:/devkitpro/devkitppc/bin/../lib/gcc/powerpc-eabi/4.8.2/crtbegin.o
 .rela.text.GX_SetPixelFmt
                0x00000000        0x0 c:/devkitpro/devkitppc/bin/../lib/gcc/powerpc-eabi/4.8.2/crtbegin.o
 .rela.text.GX_SetDither
                0x00000000        0x0 c:/devkitpro/devkitppc/bin/../lib/gcc/powerpc-eabi/4.8.2/crtbegin.o
 .rela.text.GX_SetDstAlpha
                0x00000000        0x0 c:/devkitpro/devkitppc/bin/../lib/gcc/powerpc-eabi/4.8.2/crtbegin.o
 .rela.text.GX_SetFieldMode
                0x00000000        0x0 c:/devkitpro/devkitppc/bin/../lib/gcc/powerpc-eabi/4.8.2/crtbegin.o
 .rela.text.GX_SetIndTexOrder
                0x00000000        0x0 c:/devkitpro/devkitppc/bin/../lib/gcc/powerpc-eabi/4.8.2/crtbegin.o
 .rela.text.GX_SetGPMetric
                0x00000000        0x0 c:/devkitpro/devkitppc/bin/../lib/gcc/powerpc-eabi/4.8.2/crtbegin.o
 .rela.text.GX_Init
                0x00000000        0x0 c:/devkitpro/devkitppc/bin/../lib/gcc/powerpc-eabi/4.8.2/crtbegin.o
 .rela.text.GX_ReadGPMetric
                0x00000000        0x0 c:/devkitpro/devkitppc/bin/../lib/gcc/powerpc-eabi/4.8.2/crtbegin.o
 .rela.text.c_decrementer_handler
                0x00000000        0x0 c:/devkitpro/devkitppc/bin/../lib/gcc/powerpc-eabi/4.8.2/crtbegin.o
 .rela.text.__lwp_mqbox_open
                0x00000000        0x0 c:/devkitpro/devkitppc/bin/../lib/gcc/powerpc-eabi/4.8.2/crtbegin.o
 .rela.text.__lwp_mqbox_init
                0x00000000        0x0 c:/devkitpro/devkitppc/bin/../lib/gcc/powerpc-eabi/4.8.2/crtbegin.o
 .rela.text.MQ_Init
                0x00000000        0x0 c:/devkitpro/devkitppc/bin/../lib/gcc/powerpc-eabi/4.8.2/crtbegin.o
 .rela.text.MQ_Close
                0x00000000        0x0 c:/devkitpro/devkitppc/bin/../lib/gcc/powerpc-eabi/4.8.2/crtbegin.o
 .rela.text.__lwp_wkspace_free
                0x00000000        0x0 c:/devkitpro/devkitppc/bin/../lib/gcc/powerpc-eabi/4.8.2/crtbegin.o
 .rela.text.__ios_ioctlvformat_parse
                0x00000000        0x0 c:/devkitpro/devkitppc/bin/../lib/gcc/powerpc-eabi/4.8.2/crtbegin.o
 .rela.text.IOS_IoctlvFormat
                0x00000000        0x0 c:/devkitpro/devkitppc/bin/../lib/gcc/powerpc-eabi/4.8.2/crtbegin.o
 .rela.text.IOS_IoctlvFormatAsync
                0x00000000        0x0 c:/devkitpro/devkitppc/bin/../lib/gcc/powerpc-eabi/4.8.2/crtbegin.o
 .rela.text.nanosleep
                0x00000000        0x0 c:/devkitpro/devkitppc/bin/../lib/gcc/powerpc-eabi/4.8.2/crtbegin.o
 .rela.text.__libc_delete_hook
                0x00000000        0x0 c:/devkitpro/devkitppc/bin/../lib/gcc/powerpc-eabi/4.8.2/crtbegin.o
 .rela.text.__libc_init
                0x00000000        0x0 c:/devkitpro/devkitppc/bin/../lib/gcc/powerpc-eabi/4.8.2/crtbegin.o
 .rela.text.__libc_wrapup
                0x00000000        0x0 c:/devkitpro/devkitppc/bin/../lib/gcc/powerpc-eabi/4.8.2/crtbegin.o
 .rela.text.__CheckARGV
                0x00000000        0x0 c:/devkitpro/devkitppc/bin/../lib/gcc/powerpc-eabi/4.8.2/crtbegin.o
 .rela.text.__lwp_priority_init
                0x00000000        0x0 c:/devkitpro/devkitppc/bin/../lib/gcc/powerpc-eabi/4.8.2/crtbegin.o
 .rela.text.__lwp_threadqueue_enqueuefifo
                0x00000000        0x0 c:/devkitpro/devkitppc/bin/../lib/gcc/powerpc-eabi/4.8.2/crtbegin.o
 .rela.text.__lwp_threadqueue_dequeuefifo
                0x00000000        0x0 c:/devkitpro/devkitppc/bin/../lib/gcc/powerpc-eabi/4.8.2/crtbegin.o
 .rela.text.__lwp_threadqueue_enqueuepriority
                0x00000000        0x0 c:/devkitpro/devkitppc/bin/../lib/gcc/powerpc-eabi/4.8.2/crtbegin.o
 .rela.text.__lwp_threadqueue_dequeuepriority
                0x00000000        0x0 c:/devkitpro/devkitppc/bin/../lib/gcc/powerpc-eabi/4.8.2/crtbegin.o
 .rela.text.__lwp_threadqueue_enqueue
                0x00000000        0x0 c:/devkitpro/devkitppc/bin/../lib/gcc/powerpc-eabi/4.8.2/crtbegin.o
 .rela.text.__lwp_threadqueue_extractfifo
                0x00000000        0x0 c:/devkitpro/devkitppc/bin/../lib/gcc/powerpc-eabi/4.8.2/crtbegin.o
 .rela.text.__lwp_threadqueue_extractpriority
                0x00000000        0x0 c:/devkitpro/devkitppc/bin/../lib/gcc/powerpc-eabi/4.8.2/crtbegin.o
 .rela.text.__lwpmq_initialize
                0x00000000        0x0 c:/devkitpro/devkitppc/bin/../lib/gcc/powerpc-eabi/4.8.2/crtbegin.o
 .rela.text.__lwpmq_close
                0x00000000        0x0 c:/devkitpro/devkitppc/bin/../lib/gcc/powerpc-eabi/4.8.2/crtbegin.o
 .rela.text.__systemcall_init
                0x00000000        0x0 c:/devkitpro/devkitppc/bin/../lib/gcc/powerpc-eabi/4.8.2/crtbegin.o
 .rela.text.__exception_init
                0x00000000        0x0 c:/devkitpro/devkitppc/bin/../lib/gcc/powerpc-eabi/4.8.2/crtbegin.o
 .rela.text.__exception_close
                0x00000000        0x0 c:/devkitpro/devkitppc/bin/../lib/gcc/powerpc-eabi/4.8.2/crtbegin.o
 .rela.text.__exception_sethandler
                0x00000000        0x0 c:/devkitpro/devkitppc/bin/../lib/gcc/powerpc-eabi/4.8.2/crtbegin.o
 .rela.text.__lwp_sema_open
                0x00000000        0x0 c:/devkitpro/devkitppc/bin/../lib/gcc/powerpc-eabi/4.8.2/crtbegin.o
 .rela.text.__lwp_sema_init
                0x00000000        0x0 c:/devkitpro/devkitppc/bin/../lib/gcc/powerpc-eabi/4.8.2/crtbegin.o
 .rela.text.LWP_SemInit
                0x00000000        0x0 c:/devkitpro/devkitppc/bin/../lib/gcc/powerpc-eabi/4.8.2/crtbegin.o
 .rela.text.LWP_SemDestroy
                0x00000000        0x0 c:/devkitpro/devkitppc/bin/../lib/gcc/powerpc-eabi/4.8.2/crtbegin.o
 .rela.text.__lwp_mutex_locksupp.constprop.7
                0x00000000        0x0 c:/devkitpro/devkitppc/bin/../lib/gcc/powerpc-eabi/4.8.2/crtbegin.o
 .rela.text.__lwp_mutex_init
                0x00000000        0x0 c:/devkitpro/devkitppc/bin/../lib/gcc/powerpc-eabi/4.8.2/crtbegin.o
 .rela.text.LWP_MutexInit
                0x00000000        0x0 c:/devkitpro/devkitppc/bin/../lib/gcc/powerpc-eabi/4.8.2/crtbegin.o
 .rela.text.LWP_MutexDestroy
                0x00000000        0x0 c:/devkitpro/devkitppc/bin/../lib/gcc/powerpc-eabi/4.8.2/crtbegin.o
 .rela.text.LWP_MutexUnlock
                0x00000000        0x0 c:/devkitpro/devkitppc/bin/../lib/gcc/powerpc-eabi/4.8.2/crtbegin.o
 .rela.text.kprintf
                0x00000000        0x0 c:/devkitpro/devkitppc/bin/../lib/gcc/powerpc-eabi/4.8.2/crtbegin.o
 .rela.text.__console_init
                0x00000000        0x0 c:/devkitpro/devkitppc/bin/../lib/gcc/powerpc-eabi/4.8.2/crtbegin.o
 .rela.text.__console_init_ex
                0x00000000        0x0 c:/devkitpro/devkitppc/bin/../lib/gcc/powerpc-eabi/4.8.2/crtbegin.o
 .rela.text.CON_EnableGecko
                0x00000000        0x0 c:/devkitpro/devkitppc/bin/../lib/gcc/powerpc-eabi/4.8.2/crtbegin.o
 .rela.text._ZN10__cxxabiv120__si_class_type_infoD2Ev
                0x00000000        0x0 c:/devkitpro/devkitppc/bin/../lib/gcc/powerpc-eabi/4.8.2/crtbegin.o
 .rela.text._ZN10__cxxabiv120__si_class_type_infoD0Ev
                0x00000000        0x0 c:/devkitpro/devkitppc/bin/../lib/gcc/powerpc-eabi/4.8.2/crtbegin.o
 .rela.text._Znwj
                0x00000000        0x0 c:/devkitpro/devkitppc/bin/../lib/gcc/powerpc-eabi/4.8.2/crtbegin.o
 .rela.text.__gxx_personality_v0
                0x00000000        0x0 c:/devkitpro/devkitppc/bin/../lib/gcc/powerpc-eabi/4.8.2/crtbegin.o
 .rela.text.__cxa_call_unexpected
                0x00000000        0x0 c:/devkitpro/devkitppc/bin/../lib/gcc/powerpc-eabi/4.8.2/crtbegin.o
 .rela.text._ZNSt9type_infoD2Ev
                0x00000000        0x0 c:/devkitpro/devkitppc/bin/../lib/gcc/powerpc-eabi/4.8.2/crtbegin.o
 .rela.text._ZNSt9type_infoD0Ev
                0x00000000        0x0 c:/devkitpro/devkitppc/bin/../lib/gcc/powerpc-eabi/4.8.2/crtbegin.o
 .rela.text._ZSt9terminatev
                0x00000000        0x0 c:/devkitpro/devkitppc/bin/../lib/gcc/powerpc-eabi/4.8.2/crtbegin.o
 .rela.text._ZSt10unexpectedv
                0x00000000        0x0 c:/devkitpro/devkitppc/bin/../lib/gcc/powerpc-eabi/4.8.2/crtbegin.o
 .rela.text._ZSt13set_terminatePFvvE
                0x00000000        0x0 c:/devkitpro/devkitppc/bin/../lib/gcc/powerpc-eabi/4.8.2/crtbegin.o
 .rela.text._ZSt14set_unexpectedPFvvE
                0x00000000        0x0 c:/devkitpro/devkitppc/bin/../lib/gcc/powerpc-eabi/4.8.2/crtbegin.o
 .rela.text._ZNSt9exceptionD2Ev
                0x00000000        0x0 c:/devkitpro/devkitppc/bin/../lib/gcc/powerpc-eabi/4.8.2/crtbegin.o
 .rela.text._ZNSt13bad_exceptionD2Ev
                0x00000000        0x0 c:/devkitpro/devkitppc/bin/../lib/gcc/powerpc-eabi/4.8.2/crtbegin.o
 .rela.text._ZN10__cxxabiv115__forced_unwindD2Ev
                0x00000000        0x0 c:/devkitpro/devkitppc/bin/../lib/gcc/powerpc-eabi/4.8.2/crtbegin.o
 .rela.text._ZN10__cxxabiv119__foreign_exceptionD2Ev
                0x00000000        0x0 c:/devkitpro/devkitppc/bin/../lib/gcc/powerpc-eabi/4.8.2/crtbegin.o
 .rela.text._ZNSt9exceptionD0Ev
                0x00000000        0x0 c:/devkitpro/devkitppc/bin/../lib/gcc/powerpc-eabi/4.8.2/crtbegin.o
 .rela.text._ZNSt13bad_exceptionD0Ev
                0x00000000        0x0 c:/devkitpro/devkitppc/bin/../lib/gcc/powerpc-eabi/4.8.2/crtbegin.o
 .rela.text._ZN10__cxxabiv115__forced_unwindD0Ev
                0x00000000        0x0 c:/devkitpro/devkitppc/bin/../lib/gcc/powerpc-eabi/4.8.2/crtbegin.o
 .rela.text._ZN10__cxxabiv119__foreign_exceptionD0Ev
                0x00000000        0x0 c:/devkitpro/devkitppc/bin/../lib/gcc/powerpc-eabi/4.8.2/crtbegin.o
 .rela.text._ZNSt9bad_allocD2Ev
                0x00000000        0x0 c:/devkitpro/devkitppc/bin/../lib/gcc/powerpc-eabi/4.8.2/crtbegin.o
 .rela.text._ZNSt9bad_allocD0Ev
                0x00000000        0x0 c:/devkitpro/devkitppc/bin/../lib/gcc/powerpc-eabi/4.8.2/crtbegin.o
 .rela.text._ZN10__cxxabiv117__class_type_infoD2Ev
                0x00000000        0x0 c:/devkitpro/devkitppc/bin/../lib/gcc/powerpc-eabi/4.8.2/crtbegin.o
 .rela.text._ZN10__cxxabiv117__class_type_infoD0Ev
                0x00000000        0x0 c:/devkitpro/devkitppc/bin/../lib/gcc/powerpc-eabi/4.8.2/crtbegin.o
 .rela.text.__cxa_throw
                0x00000000        0x0 c:/devkitpro/devkitppc/bin/../lib/gcc/powerpc-eabi/4.8.2/crtbegin.o
 .rela.text._ZN9__gnu_cxx27__verbose_terminate_handlerEv
                0x00000000        0x0 c:/devkitpro/devkitppc/bin/../lib/gcc/powerpc-eabi/4.8.2/crtbegin.o
 .rela.text.atangent
                0x00000000        0x0 c:/devkitpro/devkitppc/bin/../lib/gcc/powerpc-eabi/4.8.2/crtbegin.o
 .rela.text.atangentf
                0x00000000        0x0 c:/devkitpro/devkitppc/bin/../lib/gcc/powerpc-eabi/4.8.2/crtbegin.o
 .rela.text.sinef
                0x00000000        0x0 c:/devkitpro/devkitppc/bin/../lib/gcc/powerpc-eabi/4.8.2/crtbegin.o
 .rela.text.sqrtf
                0x00000000        0x0 c:/devkitpro/devkitppc/bin/../lib/gcc/powerpc-eabi/4.8.2/crtbegin.o
 .rela.text.tanf
                0x00000000        0x0 c:/devkitpro/devkitppc/bin/../lib/gcc/powerpc-eabi/4.8.2/crtbegin.o
 .rela.text.calloc
                0x00000000        0x0 c:/devkitpro/devkitppc/bin/../lib/gcc/powerpc-eabi/4.8.2/crtbegin.o
 .rela.text.__errno
                0x00000000        0x0 c:/devkitpro/devkitppc/bin/../lib/gcc/powerpc-eabi/4.8.2/crtbegin.o
 .rela.text.exit
                0x00000000        0x0 c:/devkitpro/devkitppc/bin/../lib/gcc/powerpc-eabi/4.8.2/crtbegin.o
 .rela.text.fprintf
                0x00000000        0x0 c:/devkitpro/devkitppc/bin/../lib/gcc/powerpc-eabi/4.8.2/crtbegin.o
 .rela.text.fputc
                0x00000000        0x0 c:/devkitpro/devkitppc/bin/../lib/gcc/powerpc-eabi/4.8.2/crtbegin.o
 .rela.text.fputs
                0x00000000        0x0 c:/devkitpro/devkitppc/bin/../lib/gcc/powerpc-eabi/4.8.2/crtbegin.o
 .rela.text._malloc_trim_r
                0x00000000        0x0 c:/devkitpro/devkitppc/bin/../lib/gcc/powerpc-eabi/4.8.2/crtbegin.o
 .rela.text._free_r
                0x00000000        0x0 c:/devkitpro/devkitppc/bin/../lib/gcc/powerpc-eabi/4.8.2/crtbegin.o
 .rela.text.fwrite
                0x00000000        0x0 c:/devkitpro/devkitppc/bin/../lib/gcc/powerpc-eabi/4.8.2/crtbegin.o
 .rela.text.setvbuf
                0x00000000        0x0 c:/devkitpro/devkitppc/bin/../lib/gcc/powerpc-eabi/4.8.2/crtbegin.o
 .rela.text._svfprintf_r
                0x00000000        0x0 c:/devkitpro/devkitppc/bin/../lib/gcc/powerpc-eabi/4.8.2/crtbegin.o
 .rela.text._vfprintf_r
                0x00000000        0x0 c:/devkitpro/devkitppc/bin/../lib/gcc/powerpc-eabi/4.8.2/crtbegin.o
 .rela.text._wcrtomb_r
                0x00000000        0x0 c:/devkitpro/devkitppc/bin/../lib/gcc/powerpc-eabi/4.8.2/crtbegin.o
 .rela.text.wcrtomb
                0x00000000        0x0 c:/devkitpro/devkitppc/bin/../lib/gcc/powerpc-eabi/4.8.2/crtbegin.o
 .rela.text.__call_exitprocs
                0x00000000        0x0 c:/devkitpro/devkitppc/bin/../lib/gcc/powerpc-eabi/4.8.2/crtbegin.o
 .rela.text._dtoa_r
                0x00000000        0x0 c:/devkitpro/devkitppc/bin/../lib/gcc/powerpc-eabi/4.8.2/crtbegin.o
 .rela.text._cleanup_r
                0x00000000        0x0 c:/devkitpro/devkitppc/bin/../lib/gcc/powerpc-eabi/4.8.2/crtbegin.o
 .rela.text.std.isra.0
                0x00000000        0x0 c:/devkitpro/devkitppc/bin/../lib/gcc/powerpc-eabi/4.8.2/crtbegin.o
 .rela.text._cleanup
                0x00000000        0x0 c:/devkitpro/devkitppc/bin/../lib/gcc/powerpc-eabi/4.8.2/crtbegin.o
 .rela.text.loadlocale
                0x00000000        0x0 c:/devkitpro/devkitppc/bin/../lib/gcc/powerpc-eabi/4.8.2/crtbegin.o
 .rela.text.__smakebuf_r
                0x00000000        0x0 c:/devkitpro/devkitppc/bin/../lib/gcc/powerpc-eabi/4.8.2/crtbegin.o
 .rela.text._findenv_r
                0x00000000        0x0 c:/devkitpro/devkitppc/bin/../lib/gcc/powerpc-eabi/4.8.2/crtbegin.o

.rel.fini
 *(.rel.fini)

.rela.fini
 *(.rela.fini)

.rel.rodata
 *(.rel.rodata .rel.rodata.* .rel.gnu.linkonce.r.*)

.rela.rodata    0x80004194        0x0
 *(.rela.rodata .rela.rodata.* .rela.gnu.linkonce.r.*)
 .rela.rodata._ZTVN3wsp10GameWindowE
                0x00000000        0x0 c:/devkitpro/devkitppc/bin/../lib/gcc/powerpc-eabi/4.8.2/crtbegin.o
 .rela.rodata._ZTVN3wsp5LayerE
                0x00000000        0x0 c:/devkitpro/devkitppc/bin/../lib/gcc/powerpc-eabi/4.8.2/crtbegin.o
 .rela.rodata._ZTVN3wsp12LayerManagerE
                0x00000000        0x0 c:/devkitpro/devkitppc/bin/../lib/gcc/powerpc-eabi/4.8.2/crtbegin.o
 .rela.rodata._ZTVN3wsp4QuadE
                0x00000000        0x0 c:/devkitpro/devkitppc/bin/../lib/gcc/powerpc-eabi/4.8.2/crtbegin.o
 .rela.rodata._ZTIN3wsp4QuadE
                0x00000000        0x0 c:/devkitpro/devkitppc/bin/../lib/gcc/powerpc-eabi/4.8.2/crtbegin.o
 .rela.rodata._ZTIN10__cxxabiv120__si_class_type_infoE
                0x00000000        0x0 c:/devkitpro/devkitppc/bin/../lib/gcc/powerpc-eabi/4.8.2/crtbegin.o
 .rela.rodata._ZTVN10__cxxabiv120__si_class_type_infoE
                0x00000000        0x0 c:/devkitpro/devkitppc/bin/../lib/gcc/powerpc-eabi/4.8.2/crtbegin.o
 .rela.rodata._ZTVSt9type_info
                0x00000000        0x0 c:/devkitpro/devkitppc/bin/../lib/gcc/powerpc-eabi/4.8.2/crtbegin.o
 .rela.rodata._ZTISt13bad_exception
                0x00000000        0x0 c:/devkitpro/devkitppc/bin/../lib/gcc/powerpc-eabi/4.8.2/crtbegin.o
 .rela.rodata._ZTVSt9exception
                0x00000000        0x0 c:/devkitpro/devkitppc/bin/../lib/gcc/powerpc-eabi/4.8.2/crtbegin.o
 .rela.rodata._ZTVSt13bad_exception
                0x00000000        0x0 c:/devkitpro/devkitppc/bin/../lib/gcc/powerpc-eabi/4.8.2/crtbegin.o
 .rela.rodata._ZTVN10__cxxabiv115__forced_unwindE
                0x00000000        0x0 c:/devkitpro/devkitppc/bin/../lib/gcc/powerpc-eabi/4.8.2/crtbegin.o
 .rela.rodata._ZTVN10__cxxabiv119__foreign_exceptionE
                0x00000000        0x0 c:/devkitpro/devkitppc/bin/../lib/gcc/powerpc-eabi/4.8.2/crtbegin.o
 .rela.rodata._ZTISt9bad_alloc
                0x00000000        0x0 c:/devkitpro/devkitppc/bin/../lib/gcc/powerpc-eabi/4.8.2/crtbegin.o
 .rela.rodata._ZTVSt9bad_alloc
                0x00000000        0x0 c:/devkitpro/devkitppc/bin/../lib/gcc/powerpc-eabi/4.8.2/crtbegin.o
 .rela.rodata._ZTIN10__cxxabiv117__class_type_infoE
                0x00000000        0x0 c:/devkitpro/devkitppc/bin/../lib/gcc/powerpc-eabi/4.8.2/crtbegin.o
 .rela.rodata._ZTVN10__cxxabiv117__class_type_infoE
                0x00000000        0x0 c:/devkitpro/devkitppc/bin/../lib/gcc/powerpc-eabi/4.8.2/crtbegin.o

.rel.data
 *(.rel.data .rel.data.* .rel.gnu.linkonce.d.*)

.rela.data
 *(.rela.data .rela.data.* .rela.gnu.linkonce.d.*)

.rel.tdata
 *(.rel.tdata .rel.tdata.* .rel.gnu.linkonce.td.*)

.rela.tdata
 *(.rela.tdata .rela.tdata.* .rela.gnu.linkonce.td.*)

.rel.tbss
 *(.rel.tbss .rel.tbss.* .rel.gnu.linkonce.tb.*)

.rela.tbss
 *(.rela.tbss .rela.tbss.* .rela.gnu.linkonce.tb.*)

.rel.ctors
 *(.rel.ctors)

.rela.ctors
 *(.rela.ctors)

.rel.dtors
 *(.rel.dtors)

.rela.dtors
 *(.rela.dtors)

.rel.got
 *(.rel.got)

.rela.got
 *(.rela.got)

.rela.got1
 *(.rela.got1)

.rela.got2      0x80004194        0x0
 *(.rela.got2)
 .rela.got2     0x00000000        0x0 c:/devkitpro/devkitppc/bin/../lib/gcc/powerpc-eabi/4.8.2/crtbegin.o

.rel.sdata
 *(.rel.sdata .rel.sdata.* .rel.gnu.linkonce.s.*)

.rela.sdata     0x80004194        0x0
 *(.rela.sdata .rela.sdata.* .rela.gnu.linkonce.s.*)
 .rela.sdata._ZTIN3wsp10GameWindowE
                0x00000000        0x0 c:/devkitpro/devkitppc/bin/../lib/gcc/powerpc-eabi/4.8.2/crtbegin.o
 .rela.sdata._ZTIN3wsp5LayerE
                0x00000000        0x0 c:/devkitpro/devkitppc/bin/../lib/gcc/powerpc-eabi/4.8.2/crtbegin.o
 .rela.sdata._ZTIN3wsp12LayerManagerE
                0x00000000        0x0 c:/devkitpro/devkitppc/bin/../lib/gcc/powerpc-eabi/4.8.2/crtbegin.o
 .rela.sdata._ZTISt9type_info
                0x00000000        0x0 c:/devkitpro/devkitppc/bin/../lib/gcc/powerpc-eabi/4.8.2/crtbegin.o
 .rela.sdata._ZTISt9exception
                0x00000000        0x0 c:/devkitpro/devkitppc/bin/../lib/gcc/powerpc-eabi/4.8.2/crtbegin.o
 .rela.sdata._ZTIN10__cxxabiv115__forced_unwindE
                0x00000000        0x0 c:/devkitpro/devkitppc/bin/../lib/gcc/powerpc-eabi/4.8.2/crtbegin.o
 .rela.sdata._ZTIN10__cxxabiv119__foreign_exceptionE
                0x00000000        0x0 c:/devkitpro/devkitppc/bin/../lib/gcc/powerpc-eabi/4.8.2/crtbegin.o
 .rela.sdata._ZN10__cxxabiv119__terminate_handlerE
                0x00000000        0x0 c:/devkitpro/devkitppc/bin/../lib/gcc/powerpc-eabi/4.8.2/crtbegin.o

.rel.sbss
 *(.rel.sbss .rel.sbss.* .rel.gnu.linkonce.sb.*)

.rela.sbss
 *(.rela.sbss .rela.sbss.* .rel.gnu.linkonce.sb.*)

.rel.sdata2
 *(.rel.sdata2 .rel.sdata2.* .rel.gnu.linkonce.s2.*)

.rela.sdata2    0x80004194        0x0
 *(.rela.sdata2 .rela.sdata2.* .rela.gnu.linkonce.s2.*)
 .rela.sdata2.__sys_inIPL
                0x00000000        0x0 c:/devkitpro/devkitppc/bin/../lib/gcc/powerpc-eabi/4.8.2/crtbegin.o

.rel.sbss2
 *(.rel.sbss2 .rel.sbss2.* .rel.gnu.linkonce.sb2.*)

.rela.sbss2
 *(.rela.sbss2 .rela.sbss2.* .rela.gnu.linkonce.sb2.*)

.rel.bss
 *(.rel.bss .rel.bss.* .rel.gnu.linkonce.b.*)

.rela.bss
 *(.rela.bss .rela.bss.* .rela.gnu.linkonce.b.*)

.rel.plt
 *(.rel.plt)

.rela.plt
 *(.rela.plt)

.text           0x800041a0    0x450a0
 *(.text)
 .text          0x800041a0      0x1e0 c:/devkitpro/devkitppc/bin/../lib/gcc/powerpc-eabi/4.8.2/crtbegin.o
 .text          0x80004380       0x44 c:/devkitpro/devkitppc/bin/../lib/gcc/powerpc-eabi/4.8.2/../../../../powerpc-eabi/lib/crtmain.o
                0x80004384                __crtmain
 *fill*         0x800043c4       0x1c 00000000
 .text          0x800043e0      0x44c c:/devkitPro/libogc/lib/wii\libogc.a(lwp_handler.o)
                0x800043e0                _cpu_context_save_fp
                0x80004520                _cpu_context_restore_fp
                0x80004660                _cpu_context_switch
                0x80004740                _cpu_context_save
                0x800047c0                _cpu_context_restore
 .text          0x8000482c      0x4f4 c:/devkitPro/libogc/lib/wii\libogc.a(cache_asm.o)
                0x8000482c                DCFlashInvalidate
                0x80004840                DCEnable
                0x80004854                DCDisable
                0x80004868                DCFreeze
                0x8000487c                DCUnfreeze
                0x80004890                DCTouchLoad
                0x80004898                DCBlockZero
                0x800048a0                DCBlockStore
                0x800048a8                DCBlockFlush
                0x800048b0                DCBlockInvalidate
                0x800048b8                DCInvalidateRange
                0x800048e8                DCFlushRange
                0x8000491c                DCStoreRange
                0x80004950                DCFlushRangeNoSync
                0x80004980                DCStoreRangeNoSync
                0x800049b0                DCZeroRange
                0x800049e0                DCTouchRange
                0x80004a10                ICInvalidateRange
                0x80004a48                ICFlashInvalidate
                0x80004a5c                ICEnable
                0x80004a70                ICDisable
                0x80004a84                ICFreeze
                0x80004a98                ICUnfreeze
                0x80004aac                ICBlockInvalidate
                0x80004ab4                ICSync
                0x80004abc                L2Init
                0x80004b04                L2Enable
                0x80004b20                L2Disable
                0x80004b38                L2GlobalInvalidate
                0x80004b90                __LCEnable
                0x80004c5c                LCDisable
                0x80004c84                LCAllocOneTag
                0x80004c98                LCAllocTags
                0x80004cd8                LCLoadBlocks
                0x80004cfc                LCStoreBlocks
 .text          0x80004d20      0x4a0 c:/devkitPro/libogc/lib/wii\libogc.a(system_asm.o)
                0x80004d20                __realmode
                0x80004d38                __configBATS
                0x80004e68                __InitFPRS
                0x80004f94                __InitPS
                0x80004ff0                __InitCache
                0x80005048                __InitSystem
                0x800050d0                __flush_cache
                0x80005104                __reset
                0x80005174                __InitBATS
                0x80005190                SYS_SwitchFiber
 .text          0x800051c0      0x8dc c:/devkitPro/libogc/lib/wii\libogc.a(gu_psasm.o)
                0x800051c0                ps_guMtxConcat
                0x80005284                ps_guMtxIdentity
                0x800052b0                ps_guMtxCopy
                0x800052e4                ps_guMtxTranspose
                0x80005334                ps_guMtxInverse
                0x8000542c                ps_guMtxInvXpose
                0x800054f4                ps_guMtxScale
                0x8000551c                ps_guMtxScaleApply
                0x80005574                ps_guMtxApplyScale
                0x800055d8                ps_guMtxTrans
                0x8000560c                ps_guMtxTransApply
                0x80005658                ps_guMtxApplyTrans
                0x800056d4                ps_guMtxRotTrig
                0x80005784                __ps_guMtxRotAxisRadInternal
                0x80005844                ps_guMtxReflect
                0x800058b4                ps_guVecAdd
                0x800058d8                ps_guVecSub
                0x800058fc                ps_guVecScale
                0x80005918                ps_guVecNormalize
                0x8000595c                ps_guVecCross
                0x80005998                ps_guVecDotProduct
                0x800059b8                ps_guVecMultiply
                0x80005a0c                ps_guVecMultiplySR
                0x80005a7c                ps_guQuatDotProduct
 .text          0x80005a9c      0x1ac c:/devkitPro/libogc/lib/wii\libogc.a(irq_handler.o)
                0x80005a9c                irq_exceptionhandler
 .text          0x80005c48      0x1ac c:/devkitPro/libogc/lib/wii\libogc.a(decrementer_handler.o)
                0x80005c48                dec_exceptionhandler
 .text          0x80005df4      0x35c c:/devkitPro/libogc/lib/wii\libogc.a(exception_handler.o)
                0x80005df4                exceptionhandler_start
                0x80005e70                exceptionhandler_patch
                0x80005ea4                exceptionhandler_end
                0x80005ea8                default_exceptionhandler
                0x80005fd8                fpu_exceptionhandler
                0x80006120                systemcallhandler_start
                0x8000614c                systemcallhandler_end
 .text          0x80006150     0x8bb4 c:/devkitpro/devkitppc/bin/../lib/gcc/powerpc-eabi/4.8.2/../../../../powerpc-eabi/lib\libstdc++.a(cp-demangle.o)
                0x8000ead4                __cxa_demangle
                0x8000ecb8                __gcclibcxx_demangle_callback
 .text          0x8000ed04       0x40 c:/devkitpro/devkitppc/bin/../lib/gcc/powerpc-eabi/4.8.2\libgcc.a(_ashldi3.o)
                0x8000ed04                __ashldi3
 .text          0x8000ed44      0x414 c:/devkitpro/devkitppc/bin/../lib/gcc/powerpc-eabi/4.8.2\libgcc.a(_udivdi3.o)
                0x8000ed44                __udivdi3
 .text          0x8000f158      0x3b8 c:/devkitpro/devkitppc/bin/../lib/gcc/powerpc-eabi/4.8.2\libgcc.a(_umoddi3.o)
                0x8000f158                __umoddi3
 .text          0x8000f510       0x48 c:/devkitpro/devkitppc/bin/../lib/gcc/powerpc-eabi/4.8.2\libgcc.a(eabi.o)
                0x8000f510                __eabi
 .text          0x8000f558       0x4c c:/devkitpro/devkitppc/bin/../lib/gcc/powerpc-eabi/4.8.2\libgcc.a(crtsavfpr.o)
                0x8000f558                _savefpr_14
                0x8000f55c                _savefpr_15
                0x8000f560                _savefpr_16
                0x8000f564                _savefpr_17
                0x8000f568                _savefpr_18
                0x8000f56c                _savefpr_19
                0x8000f570                _savefpr_20
                0x8000f574                _savefpr_21
                0x8000f578                _savefpr_22
                0x8000f57c                _savefpr_23
                0x8000f580                _savefpr_24
                0x8000f584                _savefpr_25
                0x8000f588                _savefpr_26
                0x8000f58c                _savefpr_27
                0x8000f590                _savefpr_28
                0x8000f594                _savefpr_29
                0x8000f598                _savefpr_30
                0x8000f59c                _savefpr_31
 .text          0x8000f5a4       0x58 c:/devkitpro/devkitppc/bin/../lib/gcc/powerpc-eabi/4.8.2\libgcc.a(crtresxfpr.o)
                0x8000f5a4                _restfpr_14_x
                0x8000f5a8                _restfpr_15_x
                0x8000f5ac                _restfpr_16_x
                0x8000f5b0                _restfpr_17_x
                0x8000f5b4                _restfpr_18_x
                0x8000f5b8                _restfpr_19_x
                0x8000f5bc                _restfpr_20_x
                0x8000f5c0                _restfpr_21_x
                0x8000f5c4                _restfpr_22_x
                0x8000f5c8                _restfpr_23_x
                0x8000f5cc                _restfpr_24_x
                0x8000f5d0                _restfpr_25_x
                0x8000f5d4                _restfpr_26_x
                0x8000f5d8                _restfpr_27_x
                0x8000f5dc                _restfpr_28_x
                0x8000f5e0                _restfpr_29_x
                0x8000f5e4                _restfpr_30_x
                0x8000f5e8                _restfpr_31_x
 .text          0x8000f5fc       0x58 c:/devkitpro/devkitppc/bin/../lib/gcc/powerpc-eabi/4.8.2\libgcc.a(crtresxgpr.o)
                0x8000f5fc                _restgpr_14_x
                0x8000f600                _restgpr_15_x
                0x8000f604                _restgpr_16_x
                0x8000f608                _restgpr_17_x
                0x8000f60c                _restgpr_18_x
                0x8000f610                _restgpr_19_x
                0x8000f614                _restgpr_20_x
                0x8000f618                _restgpr_21_x
                0x8000f61c                _restgpr_22_x
                0x8000f620                _restgpr_23_x
                0x8000f624                _restgpr_24_x
                0x8000f628                _restgpr_25_x
                0x8000f62c                _restgpr_26_x
                0x8000f630                _restgpr_27_x
                0x8000f634                _restgpr_28_x
                0x8000f638                _restgpr_29_x
                0x8000f63c                _restgpr_30_x
                0x8000f640                _restgpr_31_x
 .text          0x8000f654     0x3194 c:/devkitpro/devkitppc/bin/../lib/gcc/powerpc-eabi/4.8.2\libgcc.a(unwind-dw2.o)
                0x80011b70                _Unwind_GetGR
                0x80011be4                _Unwind_GetCFA
                0x80011bec                _Unwind_SetGR
                0x80011c74                _Unwind_GetIP
                0x80011c7c                _Unwind_GetIPInfo
                0x80011c90                _Unwind_SetIP
                0x80011c98                _Unwind_GetLanguageSpecificData
                0x80011ca0                _Unwind_GetRegionStart
                0x80011ca8                _Unwind_FindEnclosingFunction
                0x80011ce4                _Unwind_GetDataRelBase
                0x80011cec                _Unwind_GetTextRelBase
                0x80011cf4                __frame_state_for
                0x80011e0c                _Unwind_RaiseException
                0x80012074                _Unwind_ForcedUnwind
                0x8001224c                _Unwind_Resume
                0x80012424                _Unwind_Resume_or_Rethrow
                0x80012600                _Unwind_DeleteException
                0x8001261c                _Unwind_Backtrace
 .text          0x800127e8     0x1964 c:/devkitpro/devkitppc/bin/../lib/gcc/powerpc-eabi/4.8.2\libgcc.a(unwind-dw2-fde.o)
                0x80013c3c                __register_frame_info_bases
                0x80013c84                __register_frame_info
                0x80013cd0                __register_frame
                0x80013d40                __register_frame_info_table_bases
                0x80013d74                __register_frame_info_table
                0x80013dac                __register_frame_table
                0x80013e10                __deregister_frame_info_bases
                0x80013f54                __deregister_frame_info
                0x80013f58                __deregister_frame
                0x80013f84                _Unwind_Find_FDE
 .text          0x8001414c       0x28 c:/devkitpro/devkitppc/bin/../lib/gcc/powerpc-eabi/4.8.2/../../../../powerpc-eabi/lib\libsysbase.a(abort.o)
                0x8001414c                abort
 .text          0x80014174      0x2f8 c:/devkitpro/devkitppc/bin/../lib/gcc/powerpc-eabi/4.8.2/../../../../powerpc-eabi/lib\libsysbase.a(iosupport.o)
                0x80014174                setDefaultDevice
                0x8001418c                FindDevice
                0x800142b0                RemoveDevice
                0x80014300                AddDevice
                0x8001441c                GetDeviceOpTab
 .text          0x8001446c       0x28 c:/devkitpro/devkitppc/bin/../lib/gcc/powerpc-eabi/4.8.2/../../../../powerpc-eabi/lib\libsysbase.a(_exit.o)
                0x8001446c                _exit
 .text          0x80014494       0x88 c:/devkitpro/devkitppc/bin/../lib/gcc/powerpc-eabi/4.8.2/../../../../powerpc-eabi/lib\libsysbase.a(build_argv.o)
                0x80014494                build_argv
 .text          0x8001451c       0xb0 c:/devkitpro/devkitppc/bin/../lib/gcc/powerpc-eabi/4.8.2/../../../../powerpc-eabi/lib\libsysbase.a(syscall_support.o)
                0x8001451c                __libc_lock_init
                0x8001453c                __libc_lock_close
                0x8001455c                __libc_lock_release
                0x8001457c                __libc_lock_acquire
                0x8001459c                __malloc_lock
                0x800145b4                __malloc_unlock
 .text          0x800145cc       0xa0 c:/devkitpro/devkitppc/bin/../lib/gcc/powerpc-eabi/4.8.2/../../../../powerpc-eabi/lib\libsysbase.a(close.o)
                0x800145cc                _close_r
 .text          0x8001466c       0xb0 c:/devkitpro/devkitppc/bin/../lib/gcc/powerpc-eabi/4.8.2/../../../../powerpc-eabi/lib\libsysbase.a(fstat.o)
                0x8001466c                _fstat_r
 .text          0x8001471c        0x8 c:/devkitpro/devkitppc/bin/../lib/gcc/powerpc-eabi/4.8.2/../../../../powerpc-eabi/lib\libsysbase.a(isatty.o)
                0x8001471c                _isatty_r
 .text          0x80014724       0xc0 c:/devkitpro/devkitppc/bin/../lib/gcc/powerpc-eabi/4.8.2/../../../../powerpc-eabi/lib\libsysbase.a(lseek.o)
                0x80014724                _lseek_r
 .text          0x800147e4       0xb0 c:/devkitpro/devkitppc/bin/../lib/gcc/powerpc-eabi/4.8.2/../../../../powerpc-eabi/lib\libsysbase.a(read.o)
                0x800147e4                _read_r
 .text          0x80014894       0x28 c:/devkitpro/devkitppc/bin/../lib/gcc/powerpc-eabi/4.8.2/../../../../powerpc-eabi/lib\libsysbase.a(sbrk.o)
                0x80014894                _sbrk_r
 .text          0x800148bc       0xb8 c:/devkitpro/devkitppc/bin/../lib/gcc/powerpc-eabi/4.8.2/../../../../powerpc-eabi/lib\libsysbase.a(write.o)
                0x800148bc                _write_r
 .text          0x80014974       0x4c c:/devkitpro/devkitppc/bin/../lib/gcc/powerpc-eabi/4.8.2/../../../../powerpc-eabi/lib\libsysbase.a(flock.o)
                0x80014974                __flockfile
                0x800149b8                __funlockfile
 .text          0x800149c0      0x174 c:/devkitpro/devkitppc/bin/../lib/gcc/powerpc-eabi/4.8.2/../../../../powerpc-eabi/lib\libsysbase.a(handle_manager.o)
                0x800149c0                __release_handle
                0x80014a1c                __alloc_handle
                0x80014b0c                __get_handle
 .text          0x80014b34       0x68 c:/devkitpro/devkitppc/bin/../lib/gcc/powerpc-eabi/4.8.2/crtend.o
 *(.text.*)
 .text.startup.main
                0x80014b9c      0x364 lagtestapp.o
                0x80014b9c                main
 .text._Z41__static_initialization_and_destruction_0ii.part.0
                0x80014f00       0x3c lagtestapp.o
 .text.startup._GLOBAL__sub_I_audioSignal
                0x80014f3c       0x3c lagtestapp.o
 .text.exit._GLOBAL__sub_D_audioSignal
                0x80014f78        0x4 lagtestapp.o
 .text._ZN3wsp10GameWindowC1Ev
                0x80014f7c       0x40 c:/devkitPro/libogc/lib/wii\libwiisprite.a(gamewindow.o)
                0x80014f7c                _ZN3wsp10GameWindowC1Ev
 .text._ZN3wsp10GameWindow8GetWidthEv
                0x80014fbc       0x20 c:/devkitPro/libogc/lib/wii\libwiisprite.a(gamewindow.o)
                0x80014fbc                _ZN3wsp10GameWindow8GetWidthEv
 .text._ZN3wsp10GameWindow9GetHeightEv
                0x80014fdc       0x20 c:/devkitPro/libogc/lib/wii\libwiisprite.a(gamewindow.o)
                0x80014fdc                _ZN3wsp10GameWindow9GetHeightEv
 .text._ZN3wsp10GameWindow5FlushEv
                0x80014ffc       0xa4 c:/devkitPro/libogc/lib/wii\libwiisprite.a(gamewindow.o)
                0x80014ffc                _ZN3wsp10GameWindow5FlushEv
 .text._ZN3wsp10GameWindow13SetBackgroundE9_gx_color
                0x800150a0       0x34 c:/devkitPro/libogc/lib/wii\libwiisprite.a(gamewindow.o)
                0x800150a0                _ZN3wsp10GameWindow13SetBackgroundE9_gx_color
 .text._ZN3wsp10GameWindow9StopVideoEv
                0x800150d4       0x84 c:/devkitPro/libogc/lib/wii\libwiisprite.a(gamewindow.o)
                0x800150d4                _ZN3wsp10GameWindow9StopVideoEv
 .text._ZN3wsp10GameWindowD1Ev
                0x80015158       0x10 c:/devkitPro/libogc/lib/wii\libwiisprite.a(gamewindow.o)
                0x80015158                _ZN3wsp10GameWindowD1Ev
 .text._ZN3wsp10GameWindow9InitVideoEv
                0x80015168      0x4a8 c:/devkitPro/libogc/lib/wii\libwiisprite.a(gamewindow.o)
                0x80015168                _ZN3wsp10GameWindow9InitVideoEv
 .text._ZN3wsp10GameWindowD0Ev
                0x80015610       0x40 c:/devkitPro/libogc/lib/wii\libwiisprite.a(gamewindow.o)
                0x80015610                _ZN3wsp10GameWindowD0Ev
 .text._ZN3wsp5LayerC2Ev
                0x80015650       0x30 c:/devkitPro/libogc/lib/wii\libwiisprite.a(layer.o)
                0x80015650                _ZN3wsp5LayerC2Ev
 .text._ZN3wsp5LayerD2Ev
                0x80015680       0x10 c:/devkitPro/libogc/lib/wii\libwiisprite.a(layer.o)
                0x80015680                _ZN3wsp5LayerD2Ev
 .text._ZN3wsp5LayerD1Ev
                0x80015690       0x10 c:/devkitPro/libogc/lib/wii\libwiisprite.a(layer.o)
                0x80015690                _ZN3wsp5LayerD1Ev
 .text._ZNK3wsp5Layer9GetHeightEv
                0x800156a0        0x8 c:/devkitPro/libogc/lib/wii\libwiisprite.a(layer.o)
                0x800156a0                _ZNK3wsp5Layer9GetHeightEv
 .text._ZNK3wsp5Layer8GetWidthEv
                0x800156a8        0x8 c:/devkitPro/libogc/lib/wii\libwiisprite.a(layer.o)
                0x800156a8                _ZNK3wsp5Layer8GetWidthEv
 .text._ZNK3wsp5Layer4GetXEv
                0x800156b0        0x8 c:/devkitPro/libogc/lib/wii\libwiisprite.a(layer.o)
                0x800156b0                _ZNK3wsp5Layer4GetXEv
 .text._ZNK3wsp5Layer4GetYEv
                0x800156b8        0x8 c:/devkitPro/libogc/lib/wii\libwiisprite.a(layer.o)
                0x800156b8                _ZNK3wsp5Layer4GetYEv
 .text._ZNK3wsp5Layer9IsVisibleEv
                0x800156c0        0x8 c:/devkitPro/libogc/lib/wii\libwiisprite.a(layer.o)
                0x800156c0                _ZNK3wsp5Layer9IsVisibleEv
 .text._ZN3wsp5Layer11SetPositionEff
                0x800156c8        0xc c:/devkitPro/libogc/lib/wii\libwiisprite.a(layer.o)
                0x800156c8                _ZN3wsp5Layer11SetPositionEff
 .text._ZNK3wsp5Layer4DrawEff
                0x800156d4        0x4 c:/devkitPro/libogc/lib/wii\libwiisprite.a(layer.o)
                0x800156d4                _ZNK3wsp5Layer4DrawEff
 .text._ZN3wsp5LayerD0Ev
                0x800156d8       0x2c c:/devkitPro/libogc/lib/wii\libwiisprite.a(layer.o)
                0x800156d8                _ZN3wsp5LayerD0Ev
 .text._ZN3wsp12LayerManager6RemoveEPNS_5LayerE
                0x80015704       0xa8 c:/devkitPro/libogc/lib/wii\libwiisprite.a(layermanager.o)
                0x80015704                _ZN3wsp12LayerManager6RemoveEPNS_5LayerE
 .text._ZN3wsp12LayerManager6AppendEPNS_5LayerE
                0x800157ac       0x60 c:/devkitPro/libogc/lib/wii\libwiisprite.a(layermanager.o)
                0x800157ac                _ZN3wsp12LayerManager6AppendEPNS_5LayerE
 .text._ZN3wsp12LayerManager9RemoveAllEv
                0x8001580c       0x30 c:/devkitPro/libogc/lib/wii\libwiisprite.a(layermanager.o)
                0x8001580c                _ZN3wsp12LayerManager9RemoveAllEv
 .text._ZNK3wsp12LayerManager4DrawEii
                0x8001583c      0x12c c:/devkitPro/libogc/lib/wii\libwiisprite.a(layermanager.o)
                0x8001583c                _ZNK3wsp12LayerManager4DrawEii
 .text._ZN3wsp12LayerManagerD1Ev
                0x80015968       0x4c c:/devkitPro/libogc/lib/wii\libwiisprite.a(layermanager.o)
                0x80015968                _ZN3wsp12LayerManagerD1Ev
 .text._ZN3wsp12LayerManagerD0Ev
                0x800159b4       0x54 c:/devkitPro/libogc/lib/wii\libwiisprite.a(layermanager.o)
                0x800159b4                _ZN3wsp12LayerManagerD0Ev
 .text._ZN3wsp12LayerManagerC1Ej
                0x80015a08       0x98 c:/devkitPro/libogc/lib/wii\libwiisprite.a(layermanager.o)
                0x80015a08                _ZN3wsp12LayerManagerC1Ej
 .text._ZN3wsp4Quad8SetWidthEj
                0x80015aa0        0x8 c:/devkitPro/libogc/lib/wii\libwiisprite.a(quad.o)
                0x80015aa0                _ZN3wsp4Quad8SetWidthEj
 .text._ZN3wsp4Quad9SetHeightEj
                0x80015aa8        0x8 c:/devkitPro/libogc/lib/wii\libwiisprite.a(quad.o)
                0x80015aa8                _ZN3wsp4Quad9SetHeightEj
 .text._ZN3wsp4Quad12SetFillColorE9_gx_color
                0x80015ab0        0xc c:/devkitPro/libogc/lib/wii\libwiisprite.a(quad.o)
                0x80015ab0                _ZN3wsp4Quad12SetFillColorE9_gx_color
 .text._ZNK3wsp4Quad4DrawEff
                0x80015abc      0x370 c:/devkitPro/libogc/lib/wii\libwiisprite.a(quad.o)
                0x80015abc                _ZNK3wsp4Quad4DrawEff
 .text._ZN3wsp4QuadD0Ev
                0x80015e2c       0x5c c:/devkitPro/libogc/lib/wii\libwiisprite.a(quad.o)
                0x80015e2c                _ZN3wsp4QuadD0Ev
 .text._ZN3wsp4QuadD1Ev
                0x80015e88       0x54 c:/devkitPro/libogc/lib/wii\libwiisprite.a(quad.o)
                0x80015e88                _ZN3wsp4QuadD1Ev
 .text._ZN3wsp4QuadC1Ev
                0x80015edc       0xb4 c:/devkitPro/libogc/lib/wii\libwiisprite.a(quad.o)
                0x80015edc                _ZN3wsp4QuadC1Ev
 .text.__dsp_donecallback
                0x80015f90        0xc c:/devkitPro/libogc/lib/wii\libasnd.a(asndlib.o)
 .text.__dsp_initcallback
                0x80015f9c       0x58 c:/devkitPro/libogc/lib/wii\libasnd.a(asndlib.o)
 .text.audio_dma_callback
                0x80015ff4      0x51c c:/devkitPro/libogc/lib/wii\libasnd.a(asndlib.o)
 .text.__dsp_requestcallback
                0x80016510      0x5d8 c:/devkitPro/libogc/lib/wii\libasnd.a(asndlib.o)
 .text.ASND_Init
                0x80016ae8      0x1c8 c:/devkitPro/libogc/lib/wii\libasnd.a(asndlib.o)
                0x80016ae8                ASND_Init
 .text.ASND_End
                0x80016cb0       0x74 c:/devkitPro/libogc/lib/wii\libasnd.a(asndlib.o)
                0x80016cb0                ASND_End
 .text.ASND_SetVoice
                0x80016d24      0x170 c:/devkitPro/libogc/lib/wii\libasnd.a(asndlib.o)
                0x80016d24                ASND_SetVoice
 .text.ASND_Pause
                0x80016e94        0x8 c:/devkitPro/libogc/lib/wii\libasnd.a(asndlib.o)
                0x80016e94                ASND_Pause
 .text.__wpad_assign_slot
                0x80016e9c      0x218 c:/devkitPro/libogc/lib/wii\libwiiuse.a(wpad.o)
                0x80016e9c                __wpad_assign_slot
 .text.__wpad_def_powcb
                0x800170b4        0x4 c:/devkitPro/libogc/lib/wii\libwiiuse.a(wpad.o)
 .text.__wpad_disconnect
                0x800170b8       0x4c c:/devkitPro/libogc/lib/wii\libwiiuse.a(wpad.o)
 .text.__readlinkkey_finished
                0x80017104       0x30 c:/devkitPro/libogc/lib/wii\libwiiuse.a(wpad.o)
 .text.__wpad_patch_finished
                0x80017134       0x2c c:/devkitPro/libogc/lib/wii\libwiiuse.a(wpad.o)
 .text.__wpad_setfmt
                0x80017160      0x100 c:/devkitPro/libogc/lib/wii\libwiiuse.a(wpad.o)
 .text.__wpad_eventCB
                0x80017260      0x8e0 c:/devkitPro/libogc/lib/wii\libwiiuse.a(wpad.o)
 .text.__wpad_disconnectCB
                0x80017b40       0xcc c:/devkitPro/libogc/lib/wii\libwiiuse.a(wpad.o)
                0x80017b40                __wpad_disconnectCB
 .text.__wpad_timeouthandler
                0x80017c0c       0x90 c:/devkitPro/libogc/lib/wii\libwiiuse.a(wpad.o)
 .text.__initcore_finished
                0x80017c9c       0x48 c:/devkitPro/libogc/lib/wii\libwiiuse.a(wpad.o)
 .text.__wpad_init_finished
                0x80017ce4      0x138 c:/devkitPro/libogc/lib/wii\libwiiuse.a(wpad.o)
 .text.WPAD_ReadEvent
                0x80017e1c      0x574 c:/devkitPro/libogc/lib/wii\libwiiuse.a(wpad.o)
                0x80017e1c                WPAD_ReadEvent
 .text.WPAD_ReadPending
                0x80018390      0x108 c:/devkitPro/libogc/lib/wii\libwiiuse.a(wpad.o)
                0x80018390                WPAD_ReadPending
 .text.WPAD_Shutdown
                0x80018498       0xbc c:/devkitPro/libogc/lib/wii\libwiiuse.a(wpad.o)
                0x80018498                WPAD_Shutdown
 .text.WPAD_Init
                0x80018554      0x234 c:/devkitPro/libogc/lib/wii\libwiiuse.a(wpad.o)
                0x80018554                WPAD_Init
 .text.__wpad_onreset
                0x80018788       0x34 c:/devkitPro/libogc/lib/wii\libwiiuse.a(wpad.o)
 .text.WPAD_ScanPads
                0x800187bc        0xc c:/devkitPro/libogc/lib/wii\libwiiuse.a(wpad.o)
                0x800187bc                WPAD_ScanPads
 .text.WPAD_ButtonsDown
                0x800187c8       0x28 c:/devkitPro/libogc/lib/wii\libwiiuse.a(wpad.o)
                0x800187c8                WPAD_ButtonsDown
 .text.motion_plus_disconnected
                0x800187f0       0x10 c:/devkitPro/libogc/lib/wii\libwiiuse.a(motion_plus.o)
                0x800187f0                motion_plus_disconnected
 .text.motion_plus_event
                0x80018800       0x64 c:/devkitPro/libogc/lib/wii\libwiiuse.a(motion_plus.o)
                0x80018800                motion_plus_event
 .text.calculate_gforce
                0x80018864      0x114 c:/devkitPro/libogc/lib/wii\libwiiuse.a(dynamics.o)
                0x80018864                calculate_gforce
 .text.calc_joystick_state
                0x80018978      0x1fc c:/devkitPro/libogc/lib/wii\libwiiuse.a(dynamics.o)
                0x80018978                calc_joystick_state
 .text.apply_smoothing
                0x80018b74      0x158 c:/devkitPro/libogc/lib/wii\libwiiuse.a(dynamics.o)
                0x80018b74                apply_smoothing
 .text.calculate_orientation
                0x80018ccc      0x298 c:/devkitPro/libogc/lib/wii\libwiiuse.a(dynamics.o)
                0x80018ccc                calculate_orientation
 .text.calc_balanceboard_state
                0x80018f64      0x344 c:/devkitPro/libogc/lib/wii\libwiiuse.a(dynamics.o)
                0x80018f64                calc_balanceboard_state
 .text.wiiuse_handshake
                0x800192a8      0x164 c:/devkitPro/libogc/lib/wii\libwiiuse.a(io.o)
                0x800192a8                wiiuse_handshake
 .text.wiiuse_handshake_expansion
                0x8001940c      0x1c4 c:/devkitPro/libogc/lib/wii\libwiiuse.a(io.o)
                0x8001940c                wiiuse_handshake_expansion
 .text.wiiuse_handshake_expansion_start
                0x800195d0       0x24 c:/devkitPro/libogc/lib/wii\libwiiuse.a(io.o)
                0x800195d0                wiiuse_handshake_expansion_start
 .text.wiiuse_disable_expansion
                0x800195f4       0xcc c:/devkitPro/libogc/lib/wii\libwiiuse.a(io.o)
                0x800195f4                wiiuse_disable_expansion
 .text.__wiiuse_connected
                0x800196c0       0x78 c:/devkitPro/libogc/lib/wii\libwiiuse.a(io_wii.o)
 .text.__wiiuse_disconnected
                0x80019738       0x90 c:/devkitPro/libogc/lib/wii\libwiiuse.a(io_wii.o)
 .text.__wiiuse_receive
                0x800197c8       0x8c c:/devkitPro/libogc/lib/wii\libwiiuse.a(io_wii.o)
 .text.__wiiuse_sensorbar_enable
                0x80019854       0x4c c:/devkitPro/libogc/lib/wii\libwiiuse.a(io_wii.o)
                0x80019854                __wiiuse_sensorbar_enable
 .text.wiiuse_register
                0x800198a0       0xa8 c:/devkitPro/libogc/lib/wii\libwiiuse.a(io_wii.o)
                0x800198a0                wiiuse_register
 .text.wiiuse_disconnect
                0x80019948       0x24 c:/devkitPro/libogc/lib/wii\libwiiuse.a(io_wii.o)
                0x80019948                wiiuse_disconnect
 .text.wiiuse_init_cmd_queue
                0x8001996c       0x90 c:/devkitPro/libogc/lib/wii\libwiiuse.a(io_wii.o)
                0x8001996c                wiiuse_init_cmd_queue
 .text.wiiuse_io_write
                0x800199fc       0x1c c:/devkitPro/libogc/lib/wii\libwiiuse.a(io_wii.o)
                0x800199fc                wiiuse_io_write
 .text.get_ir_sens.isra.0
                0x80019a18       0xe4 c:/devkitPro/libogc/lib/wii\libwiiuse.a(ir.o)
 .text.rotate_dots
                0x80019afc       0xf8 c:/devkitPro/libogc/lib/wii\libwiiuse.a(ir.o)
 .text.wiiuse_set_ir_mode
                0x80019bf4       0x60 c:/devkitPro/libogc/lib/wii\libwiiuse.a(ir.o)
                0x80019bf4                wiiuse_set_ir_mode
 .text.wiiuse_set_ir
                0x80019c54      0x19c c:/devkitPro/libogc/lib/wii\libwiiuse.a(ir.o)
                0x80019c54                wiiuse_set_ir
 .text.wiiuse_set_ir_position
                0x80019df0       0x78 c:/devkitPro/libogc/lib/wii\libwiiuse.a(ir.o)
                0x80019df0                wiiuse_set_ir_position
 .text.wiiuse_set_aspect_ratio
                0x80019e68       0x3c c:/devkitPro/libogc/lib/wii\libwiiuse.a(ir.o)
                0x80019e68                wiiuse_set_aspect_ratio
 .text.wiiuse_set_ir_sensitivity
                0x80019ea4       0xf0 c:/devkitPro/libogc/lib/wii\libwiiuse.a(ir.o)
                0x80019ea4                wiiuse_set_ir_sensitivity
 .text.calculate_basic_ir
                0x80019f94       0xf4 c:/devkitPro/libogc/lib/wii\libwiiuse.a(ir.o)
                0x80019f94                calculate_basic_ir
 .text.calculate_extended_ir
                0x8001a088       0x7c c:/devkitPro/libogc/lib/wii\libwiiuse.a(ir.o)
                0x8001a088                calculate_extended_ir
 .text.find_sensorbar
                0x8001a104      0x7f4 c:/devkitPro/libogc/lib/wii\libwiiuse.a(ir.o)
                0x8001a104                find_sensorbar
 .text.apply_ir_smoothing
                0x8001a8f8       0xcc c:/devkitPro/libogc/lib/wii\libwiiuse.a(ir.o)
                0x8001a8f8                apply_ir_smoothing
 .text.calc_yaw
                0x8001a9c4       0x54 c:/devkitPro/libogc/lib/wii\libwiiuse.a(ir.o)
                0x8001a9c4                calc_yaw
 .text.interpret_ir_data
                0x8001aa18      0x35c c:/devkitPro/libogc/lib/wii\libwiiuse.a(ir.o)
                0x8001aa18                interpret_ir_data
 .text.nunchuk_handshake
                0x8001ad74      0x228 c:/devkitPro/libogc/lib/wii\libwiiuse.a(nunchuk.o)
                0x8001ad74                nunchuk_handshake
 .text.nunchuk_disconnected
                0x8001af9c        0xc c:/devkitPro/libogc/lib/wii\libwiiuse.a(nunchuk.o)
                0x8001af9c                nunchuk_disconnected
 .text.nunchuk_event
                0x8001afa8       0xdc c:/devkitPro/libogc/lib/wii\libwiiuse.a(nunchuk.o)
                0x8001afa8                nunchuk_event
 .text.wii_board_handshake
                0x8001b084      0x16c c:/devkitPro/libogc/lib/wii\libwiiuse.a(wiiboard.o)
                0x8001b084                wii_board_handshake
 .text.wii_board_disconnected
                0x8001b1f0        0xc c:/devkitPro/libogc/lib/wii\libwiiuse.a(wiiboard.o)
                0x8001b1f0                wii_board_disconnected
 .text.wii_board_event
                0x8001b1fc       0x54 c:/devkitPro/libogc/lib/wii\libwiiuse.a(wiiboard.o)
                0x8001b1fc                wii_board_event
 .text.wiiuse_send_next_command
                0x8001b250       0x50 c:/devkitPro/libogc/lib/wii\libwiiuse.a(wiiuse.o)
                0x8001b250                wiiuse_send_next_command
 .text.__wiiuse_push_command
                0x8001b2a0       0x90 c:/devkitPro/libogc/lib/wii\libwiiuse.a(wiiuse.o)
 .text.wiiuse_init
                0x8001b330      0x158 c:/devkitPro/libogc/lib/wii\libwiiuse.a(wiiuse.o)
                0x8001b330                wiiuse_init
 .text.wiiuse_set_flags
                0x8001b488       0x24 c:/devkitPro/libogc/lib/wii\libwiiuse.a(wiiuse.o)
                0x8001b488                wiiuse_set_flags
 .text.wiiuse_read_data
                0x8001b4ac       0x94 c:/devkitPro/libogc/lib/wii\libwiiuse.a(wiiuse.o)
                0x8001b4ac                wiiuse_read_data
 .text.wiiuse_write_data
                0x8001b540       0xc4 c:/devkitPro/libogc/lib/wii\libwiiuse.a(wiiuse.o)
                0x8001b540                wiiuse_write_data
 .text.wiiuse_sendcmd
                0x8001b604       0x8c c:/devkitPro/libogc/lib/wii\libwiiuse.a(wiiuse.o)
                0x8001b604                wiiuse_sendcmd
 .text.wiiuse_set_leds
                0x8001b690       0x50 c:/devkitPro/libogc/lib/wii\libwiiuse.a(wiiuse.o)
                0x8001b690                wiiuse_set_leds
 .text.wiiuse_set_report_type
                0x8001b6e0       0xd8 c:/devkitPro/libogc/lib/wii\libwiiuse.a(wiiuse.o)
                0x8001b6e0                wiiuse_set_report_type
 .text.wiiuse_status
                0x8001b7b8       0x4c c:/devkitPro/libogc/lib/wii\libwiiuse.a(wiiuse.o)
                0x8001b7b8                wiiuse_status
 .text.wiiuse_motion_sensing
                0x8001b804       0x3c c:/devkitPro/libogc/lib/wii\libwiiuse.a(wiiuse.o)
                0x8001b804                wiiuse_motion_sensing
 .text.wiiuse_set_speaker
                0x8001b840      0x1f0 c:/devkitPro/libogc/lib/wii\libwiiuse.a(speaker.o)
                0x8001b840                wiiuse_set_speaker
 .text.classic_ctrl_handshake
                0x8001ba30      0x17c c:/devkitPro/libogc/lib/wii\libwiiuse.a(classic.o)
                0x8001ba30                classic_ctrl_handshake
 .text.classic_ctrl_disconnected
                0x8001bbac        0xc c:/devkitPro/libogc/lib/wii\libwiiuse.a(classic.o)
                0x8001bbac                classic_ctrl_disconnected
 .text.classic_ctrl_event
                0x8001bbb8       0xa0 c:/devkitPro/libogc/lib/wii\libwiiuse.a(classic.o)
                0x8001bbb8                classic_ctrl_event
 .text.handle_expansion
                0x8001bc58       0x44 c:/devkitPro/libogc/lib/wii\libwiiuse.a(events.o)
 .text.wiiuse_pressed_buttons
                0x8001bc9c       0x2c c:/devkitPro/libogc/lib/wii\libwiiuse.a(events.o)
                0x8001bc9c                wiiuse_pressed_buttons
 .text.parse_event
                0x8001bcc8      0x578 c:/devkitPro/libogc/lib/wii\libwiiuse.a(events.o)
                0x8001bcc8                parse_event
 .text.guitar_hero_3_handshake
                0x8001c240       0x68 c:/devkitPro/libogc/lib/wii\libwiiuse.a(guitar_hero_3.o)
                0x8001c240                guitar_hero_3_handshake
 .text.guitar_hero_3_disconnected
                0x8001c2a8        0xc c:/devkitPro/libogc/lib/wii\libwiiuse.a(guitar_hero_3.o)
                0x8001c2a8                guitar_hero_3_disconnected
 .text.guitar_hero_3_event
                0x8001c2b4       0x64 c:/devkitPro/libogc/lib/wii\libwiiuse.a(guitar_hero_3.o)
                0x8001c2b4                guitar_hero_3_event
 .text.acl_wlp_completed
                0x8001c318        0x8 c:/devkitPro/libogc/lib/wii\libbte.a(bte.o)
                0x8001c318                acl_wlp_completed
 .text.bt_alarmhandler
                0x8001c320       0x60 c:/devkitPro/libogc/lib/wii\libbte.a(bte.o)
 .text.__bte_cmdfinish
                0x8001c380       0x9c c:/devkitPro/libogc/lib/wii\libbte.a(bte.o)
 .text.__bte_shutdown_finished
                0x8001c41c       0x60 c:/devkitPro/libogc/lib/wii\libbte.a(bte.o)
 .text.bte_hci_apply_patch_complete
                0x8001c47c       0xa8 c:/devkitPro/libogc/lib/wii\libbte.a(bte.o)
                0x8001c47c                bte_hci_apply_patch_complete
 .text.__bte_send_pending_request
                0x8001c524       0xc0 c:/devkitPro/libogc/lib/wii\libbte.a(bte.o)
 .text.__bte_close_ctrl_queue
                0x8001c5e4       0x80 c:/devkitPro/libogc/lib/wii\libbte.a(bte.o)
 .text.acl_conn_complete
                0x8001c664       0x2c c:/devkitPro/libogc/lib/wii\libbte.a(bte.o)
                0x8001c664                acl_conn_complete
 .text.bte_hci_initcore_complete2
                0x8001c690       0xf0 c:/devkitPro/libogc/lib/wii\libbte.a(bte.o)
                0x8001c690                bte_hci_initcore_complete2
 .text.bte_hci_initcore_complete
                0x8001c780      0x150 c:/devkitPro/libogc/lib/wii\libbte.a(bte.o)
                0x8001c780                bte_hci_initcore_complete
 .text.bte_hci_patch_complete
                0x8001c8d0      0x1b0 c:/devkitPro/libogc/lib/wii\libbte.a(bte.o)
                0x8001c8d0                bte_hci_patch_complete
 .text.bte_hci_initsub_complete
                0x8001ca80      0x12c c:/devkitPro/libogc/lib/wii\libbte.a(bte.o)
                0x8001ca80                bte_hci_initsub_complete
 .text.bte_read_stored_link_key_complete
                0x8001cbac      0x10c c:/devkitPro/libogc/lib/wii\libbte.a(bte.o)
                0x8001cbac                bte_read_stored_link_key_complete
 .text.l2cap_disconnected_ind
                0x8001ccb8       0xb0 c:/devkitPro/libogc/lib/wii\libbte.a(bte.o)
                0x8001ccb8                l2cap_disconnected_ind
 .text.bte_process_input
                0x8001cd68       0xf8 c:/devkitPro/libogc/lib/wii\libbte.a(bte.o)
 .text.l2cap_disconnect_cfm
                0x8001ce60       0xd8 c:/devkitPro/libogc/lib/wii\libbte.a(bte.o)
                0x8001ce60                l2cap_disconnect_cfm
 .text.l2cap_accepted
                0x8001cf38       0xd4 c:/devkitPro/libogc/lib/wii\libbte.a(bte.o)
                0x8001cf38                l2cap_accepted
 .text.__bte_waitcmdfinish.constprop.7
                0x8001d00c       0x7c c:/devkitPro/libogc/lib/wii\libbte.a(bte.o)
 .text.BTE_Init
                0x8001d088      0x118 c:/devkitPro/libogc/lib/wii\libbte.a(bte.o)
                0x8001d088                BTE_Init
 .text.BTE_Shutdown
                0x8001d1a0       0xa8 c:/devkitPro/libogc/lib/wii\libbte.a(bte.o)
                0x8001d1a0                BTE_Shutdown
 .text.BTE_InitCore
                0x8001d248       0x80 c:/devkitPro/libogc/lib/wii\libbte.a(bte.o)
                0x8001d248                BTE_InitCore
 .text.BTE_ApplyPatch
                0x8001d2c8       0x9c c:/devkitPro/libogc/lib/wii\libbte.a(bte.o)
                0x8001d2c8                BTE_ApplyPatch
 .text.BTE_InitSub
                0x8001d364       0x84 c:/devkitPro/libogc/lib/wii\libbte.a(bte.o)
                0x8001d364                BTE_InitSub
 .text.BTE_ReadStoredLinkKey
                0x8001d3e8       0x88 c:/devkitPro/libogc/lib/wii\libbte.a(bte.o)
                0x8001d3e8                BTE_ReadStoredLinkKey
 .text.BTE_SetDisconnectCallback
                0x8001d470        0x4 c:/devkitPro/libogc/lib/wii\libbte.a(bte.o)
                0x8001d470                BTE_SetDisconnectCallback
 .text.bte_new  0x8001d474       0x48 c:/devkitPro/libogc/lib/wii\libbte.a(bte.o)
                0x8001d474                bte_new
 .text.bte_registerdeviceasync
                0x8001d4bc      0x12c c:/devkitPro/libogc/lib/wii\libbte.a(bte.o)
                0x8001d4bc                bte_registerdeviceasync
 .text.bte_disconnect
                0x8001d5e8       0x94 c:/devkitPro/libogc/lib/wii\libbte.a(bte.o)
                0x8001d5e8                bte_disconnect
 .text.bte_senddata
                0x8001d67c       0xb8 c:/devkitPro/libogc/lib/wii\libbte.a(bte.o)
                0x8001d67c                bte_senddata
 .text.bte_arg  0x8001d734       0x40 c:/devkitPro/libogc/lib/wii\libbte.a(bte.o)
                0x8001d734                bte_arg
 .text.bte_received
                0x8001d774       0x40 c:/devkitPro/libogc/lib/wii\libbte.a(bte.o)
                0x8001d774                bte_received
 .text.bte_disconnected
                0x8001d7b4       0x40 c:/devkitPro/libogc/lib/wii\libbte.a(bte.o)
                0x8001d7b4                bte_disconnected
 .text.hci_init
                0x8001d7f4       0x7c c:/devkitPro/libogc/lib/wii\libbte.a(hci.o)
                0x8001d7f4                hci_init
 .text.hci_new  0x8001d870       0x38 c:/devkitPro/libogc/lib/wii\libbte.a(hci.o)
                0x8001d870                hci_new
 .text.hci_get_link
                0x8001d8a8       0x7c c:/devkitPro/libogc/lib/wii\libbte.a(hci.o)
                0x8001d8a8                hci_get_link
 .text.hci_close
                0x8001d924       0xc8 c:/devkitPro/libogc/lib/wii\libbte.a(hci.o)
                0x8001d924                hci_close
 .text.hci_reset_all
                0x8001d9ec       0x98 c:/devkitPro/libogc/lib/wii\libbte.a(hci.o)
                0x8001d9ec                hci_reset_all
 .text.hci_arg  0x8001da84        0xc c:/devkitPro/libogc/lib/wii\libbte.a(hci.o)
                0x8001da84                hci_arg
 .text.hci_cmd_complete
                0x8001da90        0xc c:/devkitPro/libogc/lib/wii\libbte.a(hci.o)
                0x8001da90                hci_cmd_complete
 .text.hci_connection_complete
                0x8001da9c        0xc c:/devkitPro/libogc/lib/wii\libbte.a(hci.o)
                0x8001da9c                hci_connection_complete
 .text.hci_wlp_complete
                0x8001daa8        0xc c:/devkitPro/libogc/lib/wii\libbte.a(hci.o)
                0x8001daa8                hci_wlp_complete
 .text.hci_cmd_ass
                0x8001dab4       0x4c c:/devkitPro/libogc/lib/wii\libbte.a(hci.o)
                0x8001dab4                hci_cmd_ass
 .text.hci_reset
                0x8001db00       0x60 c:/devkitPro/libogc/lib/wii\libbte.a(hci.o)
                0x8001db00                hci_reset
 .text.hci_read_buffer_size
                0x8001db60       0x60 c:/devkitPro/libogc/lib/wii\libbte.a(hci.o)
                0x8001db60                hci_read_buffer_size
 .text.hci_read_bd_addr
                0x8001dbc0       0x60 c:/devkitPro/libogc/lib/wii\libbte.a(hci.o)
                0x8001dbc0                hci_read_bd_addr
 .text.hci_read_local_version
                0x8001dc20       0x60 c:/devkitPro/libogc/lib/wii\libbte.a(hci.o)
                0x8001dc20                hci_read_local_version
 .text.hci_read_local_features
                0x8001dc80       0x60 c:/devkitPro/libogc/lib/wii\libbte.a(hci.o)
                0x8001dc80                hci_read_local_features
 .text.hci_read_stored_link_key
                0x8001dce0       0xa8 c:/devkitPro/libogc/lib/wii\libbte.a(hci.o)
                0x8001dce0                hci_read_stored_link_key
 .text.hci_write_page_timeout
                0x8001dd88       0x7c c:/devkitPro/libogc/lib/wii\libbte.a(hci.o)
                0x8001dd88                hci_write_page_timeout
 .text.hci_write_scan_enable
                0x8001de04       0x6c c:/devkitPro/libogc/lib/wii\libbte.a(hci.o)
                0x8001de04                hci_write_scan_enable
 .text.hci_accecpt_conn_request
                0x8001de70       0x80 c:/devkitPro/libogc/lib/wii\libbte.a(hci.o)
                0x8001de70                hci_accecpt_conn_request
 .text.hci_write_local_name
                0x8001def0       0x80 c:/devkitPro/libogc/lib/wii\libbte.a(hci.o)
                0x8001def0                hci_write_local_name
 .text.hci_write_pin_type
                0x8001df70       0x6c c:/devkitPro/libogc/lib/wii\libbte.a(hci.o)
                0x8001df70                hci_write_pin_type
 .text.hci_write_inquiry_mode
                0x8001dfdc       0x6c c:/devkitPro/libogc/lib/wii\libbte.a(hci.o)
                0x8001dfdc                hci_write_inquiry_mode
 .text.hci_write_page_scan_type
                0x8001e048       0x6c c:/devkitPro/libogc/lib/wii\libbte.a(hci.o)
                0x8001e048                hci_write_page_scan_type
 .text.hci_write_inquiry_scan_type
                0x8001e0b4       0x6c c:/devkitPro/libogc/lib/wii\libbte.a(hci.o)
                0x8001e0b4                hci_write_inquiry_scan_type
 .text.hci_vendor_specific_command
                0x8001e120       0x8c c:/devkitPro/libogc/lib/wii\libbte.a(hci.o)
                0x8001e120                hci_vendor_specific_command
 .text.hci_write_link_policy_settings
                0x8001e1ac       0xa8 c:/devkitPro/libogc/lib/wii\libbte.a(hci.o)
                0x8001e1ac                hci_write_link_policy_settings
 .text.hci_pin_code_request_neg_reply
                0x8001e254       0x74 c:/devkitPro/libogc/lib/wii\libbte.a(hci.o)
                0x8001e254                hci_pin_code_request_neg_reply
 .text.hci_disconnect
                0x8001e2c8       0x9c c:/devkitPro/libogc/lib/wii\libbte.a(hci.o)
                0x8001e2c8                hci_disconnect
 .text.hci_write_cod
                0x8001e364       0x78 c:/devkitPro/libogc/lib/wii\libbte.a(hci.o)
                0x8001e364                hci_write_cod
 .text.hci_host_buffer_size
                0x8001e3dc       0xcc c:/devkitPro/libogc/lib/wii\libbte.a(hci.o)
                0x8001e3dc                hci_host_buffer_size
 .text.hci_host_num_comp_packets
                0x8001e4a8       0xb0 c:/devkitPro/libogc/lib/wii\libbte.a(hci.o)
                0x8001e4a8                hci_host_num_comp_packets
 .text.lp_pdu_maxsize
                0x8001e558        0xc c:/devkitPro/libogc/lib/wii\libbte.a(hci.o)
                0x8001e558                lp_pdu_maxsize
 .text.lp_acl_write
                0x8001e564      0x120 c:/devkitPro/libogc/lib/wii\libbte.a(hci.o)
                0x8001e564                lp_acl_write
 .text.lp_write_flush_timeout
                0x8001e684       0xa8 c:/devkitPro/libogc/lib/wii\libbte.a(hci.o)
                0x8001e684                lp_write_flush_timeout
 .text.hci_event_handler
                0x8001e72c      0xa78 c:/devkitPro/libogc/lib/wii\libbte.a(hci.o)
                0x8001e72c                hci_event_handler
 .text.hci_acldata_handler
                0x8001f1a4       0xd8 c:/devkitPro/libogc/lib/wii\libbte.a(hci.o)
                0x8001f1a4                hci_acldata_handler
 .text.l2cap_cid_alloc
                0x8001f27c       0x4c c:/devkitPro/libogc/lib/wii\libbte.a(l2cap.o)
 .text.l2cap_init
                0x8001f2c8       0x60 c:/devkitPro/libogc/lib/wii\libbte.a(l2cap.o)
                0x8001f2c8                l2cap_init
 .text.l2cap_write
                0x8001f328       0xd8 c:/devkitPro/libogc/lib/wii\libbte.a(l2cap.o)
                0x8001f328                l2cap_write
 .text.l2cap_new
                0x8001f400       0x68 c:/devkitPro/libogc/lib/wii\libbte.a(l2cap.o)
                0x8001f400                l2cap_new
 .text.l2cap_close
                0x8001f468      0x16c c:/devkitPro/libogc/lib/wii\libbte.a(l2cap.o)
                0x8001f468                l2cap_close
 .text.l2cap_reset_all
                0x8001f5d4      0x108 c:/devkitPro/libogc/lib/wii\libbte.a(l2cap.o)
                0x8001f5d4                l2cap_reset_all
 .text.l2cap_rexmit_signal
                0x8001f6dc       0x10 c:/devkitPro/libogc/lib/wii\libbte.a(l2cap.o)
                0x8001f6dc                l2cap_rexmit_signal
 .text.l2ca_datawrite
                0x8001f6ec       0xf8 c:/devkitPro/libogc/lib/wii\libbte.a(l2cap.o)
                0x8001f6ec                l2ca_datawrite
 .text.lp_connect_ind
                0x8001f7e4        0x4 c:/devkitPro/libogc/lib/wii\libbte.a(l2cap.o)
                0x8001f7e4                lp_connect_ind
 .text.lp_disconnect_ind
                0x8001f7e8       0xf4 c:/devkitPro/libogc/lib/wii\libbte.a(l2cap.o)
                0x8001f7e8                lp_disconnect_ind
 .text.l2cap_disconnect_bb
                0x8001f8dc       0x10 c:/devkitPro/libogc/lib/wii\libbte.a(l2cap.o)
                0x8001f8dc                l2cap_disconnect_bb
 .text.l2cap_next_sigid
                0x8001f8ec       0x28 c:/devkitPro/libogc/lib/wii\libbte.a(l2cap.o)
                0x8001f8ec                l2cap_next_sigid
 .text.l2cap_signal
                0x8001f914      0x188 c:/devkitPro/libogc/lib/wii\libbte.a(l2cap.o)
                0x8001f914                l2cap_signal
 .text.l2ca_config_req
                0x8001fa9c      0x10c c:/devkitPro/libogc/lib/wii\libbte.a(l2cap.o)
                0x8001fa9c                l2ca_config_req
 .text.l2ca_disconnect_req
                0x8001fba8       0xb4 c:/devkitPro/libogc/lib/wii\libbte.a(l2cap.o)
                0x8001fba8                l2ca_disconnect_req
 .text.l2cap_tmr
                0x8001fc5c      0x1e8 c:/devkitPro/libogc/lib/wii\libbte.a(l2cap.o)
                0x8001fc5c                l2cap_tmr
 .text.l2cap_process_sig
                0x8001fe44     0x103c c:/devkitPro/libogc/lib/wii\libbte.a(l2cap.o)
                0x8001fe44                l2cap_process_sig
 .text.lp_connect_cfm
                0x80020e80      0x134 c:/devkitPro/libogc/lib/wii\libbte.a(l2cap.o)
                0x80020e80                lp_connect_cfm
 .text.l2cap_input
                0x80020fb4      0x504 c:/devkitPro/libogc/lib/wii\libbte.a(l2cap.o)
                0x80020fb4                l2cap_input
 .text.l2cap_arg
                0x800214b8        0x8 c:/devkitPro/libogc/lib/wii\libbte.a(l2cap.o)
                0x800214b8                l2cap_arg
 .text.l2cap_connect_ind
                0x800214c0       0xdc c:/devkitPro/libogc/lib/wii\libbte.a(l2cap.o)
                0x800214c0                l2cap_connect_ind
 .text.l2cap_disconnect_ind
                0x8002159c        0x8 c:/devkitPro/libogc/lib/wii\libbte.a(l2cap.o)
                0x8002159c                l2cap_disconnect_ind
 .text.l2cap_recv
                0x800215a4        0x8 c:/devkitPro/libogc/lib/wii\libbte.a(l2cap.o)
                0x800215a4                l2cap_recv
 .text.btmemb_init
                0x800215ac       0x24 c:/devkitPro/libogc/lib/wii\libbte.a(btmemb.o)
                0x800215ac                btmemb_init
 .text.btmemb_alloc
                0x800215d0       0x9c c:/devkitPro/libogc/lib/wii\libbte.a(btmemb.o)
                0x800215d0                btmemb_alloc
 .text.btmemb_free
                0x8002166c       0xa4 c:/devkitPro/libogc/lib/wii\libbte.a(btmemb.o)
                0x8002166c                btmemb_free
 .text.plug_holes
                0x80021710       0xa8 c:/devkitPro/libogc/lib/wii\libbte.a(btmemr.o)
 .text.btmemr_init
                0x800217b8       0x94 c:/devkitPro/libogc/lib/wii\libbte.a(btmemr.o)
                0x800217b8                btmemr_init
 .text.btmemr_malloc
                0x8002184c      0x158 c:/devkitPro/libogc/lib/wii\libbte.a(btmemr.o)
                0x8002184c                btmemr_malloc
 .text.btmemr_free
                0x800219a4       0x94 c:/devkitPro/libogc/lib/wii\libbte.a(btmemr.o)
                0x800219a4                btmemr_free
 .text.btmemr_realloc
                0x80021a38       0xfc c:/devkitPro/libogc/lib/wii\libbte.a(btmemr.o)
                0x80021a38                btmemr_realloc
 .text.btpbuf_init
                0x80021b34       0x28 c:/devkitPro/libogc/lib/wii\libbte.a(btpbuf.o)
                0x80021b34                btpbuf_init
 .text.btpbuf_free
                0x80021b5c       0xd0 c:/devkitPro/libogc/lib/wii\libbte.a(btpbuf.o)
                0x80021b5c                btpbuf_free
 .text.btpbuf_alloc
                0x80021c2c      0x1bc c:/devkitPro/libogc/lib/wii\libbte.a(btpbuf.o)
                0x80021c2c                btpbuf_alloc
 .text.btpbuf_realloc
                0x80021de8       0xa0 c:/devkitPro/libogc/lib/wii\libbte.a(btpbuf.o)
                0x80021de8                btpbuf_realloc
 .text.btpbuf_header
                0x80021e88       0x84 c:/devkitPro/libogc/lib/wii\libbte.a(btpbuf.o)
                0x80021e88                btpbuf_header
 .text.btpbuf_ref
                0x80021f0c       0x50 c:/devkitPro/libogc/lib/wii\libbte.a(btpbuf.o)
                0x80021f0c                btpbuf_ref
 .text.btpbuf_cat
                0x80021f5c       0x48 c:/devkitPro/libogc/lib/wii\libbte.a(btpbuf.o)
                0x80021f5c                btpbuf_cat
 .text.btpbuf_chain
                0x80021fa4       0x30 c:/devkitPro/libogc/lib/wii\libbte.a(btpbuf.o)
                0x80021fa4                btpbuf_chain
 .text.btpbuf_dechain
                0x80021fd4       0x60 c:/devkitPro/libogc/lib/wii\libbte.a(btpbuf.o)
                0x80021fd4                btpbuf_dechain
 .text.btpbuf_take
                0x80022034       0xec c:/devkitPro/libogc/lib/wii\libbte.a(btpbuf.o)
                0x80022034                btpbuf_take
 .text.__usb_closeCB
                0x80022120       0x10 c:/devkitPro/libogc/lib/wii\libbte.a(physbusif.o)